#-----------------------------------------------------------
# Vivado v2015.2 (64-bit)
# SW Build 1266856 on Fri Jun 26 16:35:25 MDT 2015
# IP Build 1264090 on Wed Jun 24 14:22:01 MDT 2015
# Start of session at: Thu Jan 30 15:23:53 2020
# Process ID: 7197
# Log file: /home/clvrpny/ecen449/lab01/vivado.log
# Journal file: /home/clvrpny/ecen449/lab01/vivado.jou
#-----------------------------------------------------------
start_gui
open_project /home/clvrpny/Downloads/project_1/project_1.xpr
reset_run synth_1
launch_runs impl_1 -to_step write_bitstream -jobs 2
wait_on_run impl_1
open_hw
connect_hw_server -url localhost:3121
current_hw_target [get_hw_targets */xilinx_tcf/Digilent/210351A780B6A]
set_property PARAM.FREQUENCY 15000000 [get_hw_targets */xilinx_tcf/Digilent/210351A780B6A]
open_hw_target
set_property PROGRAM.FILE {/home/clvrpny/Downloads/project_1/project_1.runs/impl_1/jackpot.bit} [lindex [get_hw_devices] 1]
current_hw_device [lindex [get_hw_devices] 1]
refresh_hw_device -update_hw_probes false [lindex [get_hw_devices] 1]
set_property PROBES.FILE {} [lindex [get_hw_devices] 1]
set_property PROGRAM.FILE {/home/clvrpny/Downloads/project_1/project_1.runs/impl_1/jackpot.bit} [lindex [get_hw_devices] 1]
program_hw_devices [lindex [get_hw_devices] 1]
refresh_hw_device [lindex [get_hw_devices] 1]
close_hw_target
close_hw
open_hw
