18:39:37 **** Build of project multiply_test_bsp ****
make -k all 
Running Make include in ps7_cortexa9_0/libsrc/coresightps_dcc_v1_0/src
make -C ps7_cortexa9_0/libsrc/coresightps_dcc_v1_0/src -s include  "SHELL=/bin/sh" "COMPILER=arm-xilinx-eabi-gcc" "ARCHIVER=arm-xilinx-eabi-ar" "COMPILER_FLAGS=  -O2 -c" "EXTRA_COMPILER_FLAGS=-g"
Running Make include in ps7_cortexa9_0/libsrc/standalone_v5_1/src
make -C ps7_cortexa9_0/libsrc/standalone_v5_1/src -s include  "SHELL=/bin/sh" "COMPILER=arm-xilinx-eabi-gcc" "ARCHIVER=arm-xilinx-eabi-ar" "COMPILER_FLAGS=  -O2 -c" "EXTRA_COMPILER_FLAGS=-g"
Running Make include in ps7_cortexa9_0/libsrc/cpu_cortexa9_v2_1/src
make -C ps7_cortexa9_0/libsrc/cpu_cortexa9_v2_1/src -s include  "SHELL=/bin/sh" "COMPILER=arm-xilinx-eabi-gcc" "ARCHIVER=arm-xilinx-eabi-ar" "COMPILER_FLAGS=  -O2 -c" "EXTRA_COMPILER_FLAGS=-g"
Running Make include in ps7_cortexa9_0/libsrc/devcfg_v3_3/src
make -C ps7_cortexa9_0/libsrc/devcfg_v3_3/src -s include  "SHELL=/bin/sh" "COMPILER=arm-xilinx-eabi-gcc" "ARCHIVER=arm-xilinx-eabi-ar" "COMPILER_FLAGS=  -O2 -c" "EXTRA_COMPILER_FLAGS=-g"
Running Make include in ps7_cortexa9_0/libsrc/xadcps_v2_2/src
make -C ps7_cortexa9_0/libsrc/xadcps_v2_2/src -s include  "SHELL=/bin/sh" "COMPILER=arm-xilinx-eabi-gcc" "ARCHIVER=arm-xilinx-eabi-ar" "COMPILER_FLAGS=  -O2 -c" "EXTRA_COMPILER_FLAGS=-g"
Running Make include in ps7_cortexa9_0/libsrc/dmaps_v2_1/src
make -C ps7_cortexa9_0/libsrc/dmaps_v2_1/src -s include  "SHELL=/bin/sh" "COMPILER=arm-xilinx-eabi-gcc" "ARCHIVER=arm-xilinx-eabi-ar" "COMPILER_FLAGS=  -O2 -c" "EXTRA_COMPILER_FLAGS=-g"
Running Make include in ps7_cortexa9_0/libsrc/scugic_v3_0/src
make -C ps7_cortexa9_0/libsrc/scugic_v3_0/src -s include  "SHELL=/bin/sh" "COMPILER=arm-xilinx-eabi-gcc" "ARCHIVER=arm-xilinx-eabi-ar" "COMPILER_FLAGS=  -O2 -c" "EXTRA_COMPILER_FLAGS=-g"
Running Make include in ps7_cortexa9_0/libsrc/scuwdt_v2_1/src
make -C ps7_cortexa9_0/libsrc/scuwdt_v2_1/src -s include  "SHELL=/bin/sh" "COMPILER=arm-xilinx-eabi-gcc" "ARCHIVER=arm-xilinx-eabi-ar" "COMPILER_FLAGS=  -O2 -c" "EXTRA_COMPILER_FLAGS=-g"
Running Make include in ps7_cortexa9_0/libsrc/multiply_v1_0/src
make -C ps7_cortexa9_0/libsrc/multiply_v1_0/src -s include  "SHELL=/bin/sh" "COMPILER=arm-xilinx-eabi-gcc" "ARCHIVER=arm-xilinx-eabi-ar" "COMPILER_FLAGS=  -O2 -c" "EXTRA_COMPILER_FLAGS=-g"
Running Make include in ps7_cortexa9_0/libsrc/scutimer_v2_1/src
make -C ps7_cortexa9_0/libsrc/scutimer_v2_1/src -s include  "SHELL=/bin/sh" "COMPILER=arm-xilinx-eabi-gcc" "ARCHIVER=arm-xilinx-eabi-ar" "COMPILER_FLAGS=  -O2 -c" "EXTRA_COMPILER_FLAGS=-g"
Running Make include in ps7_cortexa9_0/libsrc/uartps_v3_0/src
make -C ps7_cortexa9_0/libsrc/uartps_v3_0/src -s include  "SHELL=/bin/sh" "COMPILER=arm-xilinx-eabi-gcc" "ARCHIVER=arm-xilinx-eabi-ar" "COMPILER_FLAGS=  -O2 -c" "EXTRA_COMPILER_FLAGS=-g"
Running Make libs in ps7_cortexa9_0/libsrc/coresightps_dcc_v1_0/src
make -C ps7_cortexa9_0/libsrc/coresightps_dcc_v1_0/src -s libs  "SHELL=/bin/sh" "COMPILER=arm-xilinx-eabi-gcc" "ARCHIVER=arm-xilinx-eabi-ar" "COMPILER_FLAGS=  -O2 -c" "EXTRA_COMPILER_FLAGS=-g"
Compiling coresightps_dcc
arm-xilinx-eabi-ar: creating ../../../lib/libxil.a
Running Make libs in ps7_cortexa9_0/libsrc/standalone_v5_1/src
make -C ps7_cortexa9_0/libsrc/standalone_v5_1/src -s libs  "SHELL=/bin/sh" "COMPILER=arm-xilinx-eabi-gcc" "ARCHIVER=arm-xilinx-eabi-ar" "COMPILER_FLAGS=  -O2 -c" "EXTRA_COMPILER_FLAGS=-g"
Compiling standalone
Running Make libs in ps7_cortexa9_0/libsrc/cpu_cortexa9_v2_1/src
make -C ps7_cortexa9_0/libsrc/cpu_cortexa9_v2_1/src -s libs  "SHELL=/bin/sh" "COMPILER=arm-xilinx-eabi-gcc" "ARCHIVER=arm-xilinx-eabi-ar" "COMPILER_FLAGS=  -O2 -c" "EXTRA_COMPILER_FLAGS=-g"
Compiling cpu_cortexa9
Running Make libs in ps7_cortexa9_0/libsrc/devcfg_v3_3/src
make -C ps7_cortexa9_0/libsrc/devcfg_v3_3/src -s libs  "SHELL=/bin/sh" "COMPILER=arm-xilinx-eabi-gcc" "ARCHIVER=arm-xilinx-eabi-ar" "COMPILER_FLAGS=  -O2 -c" "EXTRA_COMPILER_FLAGS=-g"
Compiling devcfg
Running Make libs in ps7_cortexa9_0/libsrc/xadcps_v2_2/src
make -C ps7_cortexa9_0/libsrc/xadcps_v2_2/src -s libs  "SHELL=/bin/sh" "COMPILER=arm-xilinx-eabi-gcc" "ARCHIVER=arm-xilinx-eabi-ar" "COMPILER_FLAGS=  -O2 -c" "EXTRA_COMPILER_FLAGS=-g"
Compiling xadcps
Running Make libs in ps7_cortexa9_0/libsrc/dmaps_v2_1/src
make -C ps7_cortexa9_0/libsrc/dmaps_v2_1/src -s libs  "SHELL=/bin/sh" "COMPILER=arm-xilinx-eabi-gcc" "ARCHIVER=arm-xilinx-eabi-ar" "COMPILER_FLAGS=  -O2 -c" "EXTRA_COMPILER_FLAGS=-g"
Compiling dmaps
Running Make libs in ps7_cortexa9_0/libsrc/scugic_v3_0/src
make -C ps7_cortexa9_0/libsrc/scugic_v3_0/src -s libs  "SHELL=/bin/sh" "COMPILER=arm-xilinx-eabi-gcc" "ARCHIVER=arm-xilinx-eabi-ar" "COMPILER_FLAGS=  -O2 -c" "EXTRA_COMPILER_FLAGS=-g"
Compiling scugic
Running Make libs in ps7_cortexa9_0/libsrc/scuwdt_v2_1/src
make -C ps7_cortexa9_0/libsrc/scuwdt_v2_1/src -s libs  "SHELL=/bin/sh" "COMPILER=arm-xilinx-eabi-gcc" "ARCHIVER=arm-xilinx-eabi-ar" "COMPILER_FLAGS=  -O2 -c" "EXTRA_COMPILER_FLAGS=-g"
Compiling scuwdt
Running Make libs in ps7_cortexa9_0/libsrc/multiply_v1_0/src
make -C ps7_cortexa9_0/libsrc/multiply_v1_0/src -s libs  "SHELL=/bin/sh" "COMPILER=arm-xilinx-eabi-gcc" "ARCHIVER=arm-xilinx-eabi-ar" "COMPILER_FLAGS=  -O2 -c" "EXTRA_COMPILER_FLAGS=-g"
Compiling multiply...
Running Make libs in ps7_cortexa9_0/libsrc/scutimer_v2_1/src
make -C ps7_cortexa9_0/libsrc/scutimer_v2_1/src -s libs  "SHELL=/bin/sh" "COMPILER=arm-xilinx-eabi-gcc" "ARCHIVER=arm-xilinx-eabi-ar" "COMPILER_FLAGS=  -O2 -c" "EXTRA_COMPILER_FLAGS=-g"
Compiling scutimer
Running Make libs in ps7_cortexa9_0/libsrc/uartps_v3_0/src
make -C ps7_cortexa9_0/libsrc/uartps_v3_0/src -s libs  "SHELL=/bin/sh" "COMPILER=arm-xilinx-eabi-gcc" "ARCHIVER=arm-xilinx-eabi-ar" "COMPILER_FLAGS=  -O2 -c" "EXTRA_COMPILER_FLAGS=-g"
Compiling uartps
Finished building libraries
18:39:43 **** Build of configuration Debug for project multiply_test ****
make all 
Building file: ../src/helloworld.c
Invoking: ARM gcc compiler
arm-xilinx-eabi-gcc -Wall -O0 -g3 -c -fmessage-length=0 -MT"src/helloworld.o" -I../../multiply_test_bsp/ps7_cortexa9_0/include -MMD -MP -MF"src/helloworld.d" -MT"src/helloworld.d" -o "src/helloworld.o" "../src/helloworld.c"
Finished building: ../src/helloworld.c
 
Building file: ../src/platform.c
Invoking: ARM gcc compiler
arm-xilinx-eabi-gcc -Wall -O0 -g3 -c -fmessage-length=0 -MT"src/platform.o" -I../../multiply_test_bsp/ps7_cortexa9_0/include -MMD -MP -MF"src/platform.d" -MT"src/platform.d" -o "src/platform.o" "../src/platform.c"
Finished building: ../src/platform.c
 
Building target: multiply_test.elf
Invoking: ARM gcc linker
arm-xilinx-eabi-gcc -Wl,-T -Wl,../src/lscript.ld -L../../multiply_test_bsp/ps7_cortexa9_0/lib -o "multiply_test.elf"  ./src/helloworld.o ./src/platform.o   -Wl,--start-group,-lxil,-lgcc,-lc,--end-group
Finished building target: multiply_test.elf
 
Invoking: ARM Print Size
arm-xilinx-eabi-size multiply_test.elf  |tee "multiply_test.elf.size"
   text	   data	    bss	    dec	    hex	filename
  22888	   1152	  22564	  46604	   b60c	multiply_test.elf
Finished building: multiply_test.elf.size
 
18:40:18 **** Build of project multiply_test_bsp ****
make -k all 
Running Make include in ps7_cortexa9_0/libsrc/coresightps_dcc_v1_0/src
make -C ps7_cortexa9_0/libsrc/coresightps_dcc_v1_0/src -s include  "SHELL=/bin/sh" "COMPILER=arm-xilinx-eabi-gcc" "ARCHIVER=arm-xilinx-eabi-ar" "COMPILER_FLAGS=  -O2 -c" "EXTRA_COMPILER_FLAGS=-g"
Running Make include in ps7_cortexa9_0/libsrc/standalone_v5_1/src
make -C ps7_cortexa9_0/libsrc/standalone_v5_1/src -s include  "SHELL=/bin/sh" "COMPILER=arm-xilinx-eabi-gcc" "ARCHIVER=arm-xilinx-eabi-ar" "COMPILER_FLAGS=  -O2 -c" "EXTRA_COMPILER_FLAGS=-g"
Running Make include in ps7_cortexa9_0/libsrc/cpu_cortexa9_v2_1/src
make -C ps7_cortexa9_0/libsrc/cpu_cortexa9_v2_1/src -s include  "SHELL=/bin/sh" "COMPILER=arm-xilinx-eabi-gcc" "ARCHIVER=arm-xilinx-eabi-ar" "COMPILER_FLAGS=  -O2 -c" "EXTRA_COMPILER_FLAGS=-g"
Running Make include in ps7_cortexa9_0/libsrc/devcfg_v3_3/src
make -C ps7_cortexa9_0/libsrc/devcfg_v3_3/src -s include  "SHELL=/bin/sh" "COMPILER=arm-xilinx-eabi-gcc" "ARCHIVER=arm-xilinx-eabi-ar" "COMPILER_FLAGS=  -O2 -c" "EXTRA_COMPILER_FLAGS=-g"
Running Make include in ps7_cortexa9_0/libsrc/xadcps_v2_2/src
make -C ps7_cortexa9_0/libsrc/xadcps_v2_2/src -s include  "SHELL=/bin/sh" "COMPILER=arm-xilinx-eabi-gcc" "ARCHIVER=arm-xilinx-eabi-ar" "COMPILER_FLAGS=  -O2 -c" "EXTRA_COMPILER_FLAGS=-g"
Running Make include in ps7_cortexa9_0/libsrc/dmaps_v2_1/src
make -C ps7_cortexa9_0/libsrc/dmaps_v2_1/src -s include  "SHELL=/bin/sh" "COMPILER=arm-xilinx-eabi-gcc" "ARCHIVER=arm-xilinx-eabi-ar" "COMPILER_FLAGS=  -O2 -c" "EXTRA_COMPILER_FLAGS=-g"
Running Make include in ps7_cortexa9_0/libsrc/scugic_v3_0/src
make -C ps7_cortexa9_0/libsrc/scugic_v3_0/src -s include  "SHELL=/bin/sh" "COMPILER=arm-xilinx-eabi-gcc" "ARCHIVER=arm-xilinx-eabi-ar" "COMPILER_FLAGS=  -O2 -c" "EXTRA_COMPILER_FLAGS=-g"
Running Make include in ps7_cortexa9_0/libsrc/scuwdt_v2_1/src
make -C ps7_cortexa9_0/libsrc/scuwdt_v2_1/src -s include  "SHELL=/bin/sh" "COMPILER=arm-xilinx-eabi-gcc" "ARCHIVER=arm-xilinx-eabi-ar" "COMPILER_FLAGS=  -O2 -c" "EXTRA_COMPILER_FLAGS=-g"
Running Make include in ps7_cortexa9_0/libsrc/multiply_v1_0/src
make -C ps7_cortexa9_0/libsrc/multiply_v1_0/src -s include  "SHELL=/bin/sh" "COMPILER=arm-xilinx-eabi-gcc" "ARCHIVER=arm-xilinx-eabi-ar" "COMPILER_FLAGS=  -O2 -c" "EXTRA_COMPILER_FLAGS=-g"
Running Make include in ps7_cortexa9_0/libsrc/scutimer_v2_1/src
make -C ps7_cortexa9_0/libsrc/scutimer_v2_1/src -s include  "SHELL=/bin/sh" "COMPILER=arm-xilinx-eabi-gcc" "ARCHIVER=arm-xilinx-eabi-ar" "COMPILER_FLAGS=  -O2 -c" "EXTRA_COMPILER_FLAGS=-g"
Running Make include in ps7_cortexa9_0/libsrc/uartps_v3_0/src
make -C ps7_cortexa9_0/libsrc/uartps_v3_0/src -s include  "SHELL=/bin/sh" "COMPILER=arm-xilinx-eabi-gcc" "ARCHIVER=arm-xilinx-eabi-ar" "COMPILER_FLAGS=  -O2 -c" "EXTRA_COMPILER_FLAGS=-g"
Running Make libs in ps7_cortexa9_0/libsrc/coresightps_dcc_v1_0/src
make -C ps7_cortexa9_0/libsrc/coresightps_dcc_v1_0/src -s libs  "SHELL=/bin/sh" "COMPILER=arm-xilinx-eabi-gcc" "ARCHIVER=arm-xilinx-eabi-ar" "COMPILER_FLAGS=  -O2 -c" "EXTRA_COMPILER_FLAGS=-g"
Compiling coresightps_dcc
arm-xilinx-eabi-ar: creating ../../../lib/libxil.a
Running Make libs in ps7_cortexa9_0/libsrc/standalone_v5_1/src
make -C ps7_cortexa9_0/libsrc/standalone_v5_1/src -s libs  "SHELL=/bin/sh" "COMPILER=arm-xilinx-eabi-gcc" "ARCHIVER=arm-xilinx-eabi-ar" "COMPILER_FLAGS=  -O2 -c" "EXTRA_COMPILER_FLAGS=-g"
Compiling standalone
Running Make libs in ps7_cortexa9_0/libsrc/cpu_cortexa9_v2_1/src
make -C ps7_cortexa9_0/libsrc/cpu_cortexa9_v2_1/src -s libs  "SHELL=/bin/sh" "COMPILER=arm-xilinx-eabi-gcc" "ARCHIVER=arm-xilinx-eabi-ar" "COMPILER_FLAGS=  -O2 -c" "EXTRA_COMPILER_FLAGS=-g"
Compiling cpu_cortexa9
Running Make libs in ps7_cortexa9_0/libsrc/devcfg_v3_3/src
make -C ps7_cortexa9_0/libsrc/devcfg_v3_3/src -s libs  "SHELL=/bin/sh" "COMPILER=arm-xilinx-eabi-gcc" "ARCHIVER=arm-xilinx-eabi-ar" "COMPILER_FLAGS=  -O2 -c" "EXTRA_COMPILER_FLAGS=-g"
Compiling devcfg
Running Make libs in ps7_cortexa9_0/libsrc/xadcps_v2_2/src
make -C ps7_cortexa9_0/libsrc/xadcps_v2_2/src -s libs  "SHELL=/bin/sh" "COMPILER=arm-xilinx-eabi-gcc" "ARCHIVER=arm-xilinx-eabi-ar" "COMPILER_FLAGS=  -O2 -c" "EXTRA_COMPILER_FLAGS=-g"
Compiling xadcps
Running Make libs in ps7_cortexa9_0/libsrc/dmaps_v2_1/src
make -C ps7_cortexa9_0/libsrc/dmaps_v2_1/src -s libs  "SHELL=/bin/sh" "COMPILER=arm-xilinx-eabi-gcc" "ARCHIVER=arm-xilinx-eabi-ar" "COMPILER_FLAGS=  -O2 -c" "EXTRA_COMPILER_FLAGS=-g"
Compiling dmaps
Running Make libs in ps7_cortexa9_0/libsrc/scugic_v3_0/src
make -C ps7_cortexa9_0/libsrc/scugic_v3_0/src -s libs  "SHELL=/bin/sh" "COMPILER=arm-xilinx-eabi-gcc" "ARCHIVER=arm-xilinx-eabi-ar" "COMPILER_FLAGS=  -O2 -c" "EXTRA_COMPILER_FLAGS=-g"
Compiling scugic
Running Make libs in ps7_cortexa9_0/libsrc/scuwdt_v2_1/src
make -C ps7_cortexa9_0/libsrc/scuwdt_v2_1/src -s libs  "SHELL=/bin/sh" "COMPILER=arm-xilinx-eabi-gcc" "ARCHIVER=arm-xilinx-eabi-ar" "COMPILER_FLAGS=  -O2 -c" "EXTRA_COMPILER_FLAGS=-g"
Compiling scuwdt
Running Make libs in ps7_cortexa9_0/libsrc/multiply_v1_0/src
make -C ps7_cortexa9_0/libsrc/multiply_v1_0/src -s libs  "SHELL=/bin/sh" "COMPILER=arm-xilinx-eabi-gcc" "ARCHIVER=arm-xilinx-eabi-ar" "COMPILER_FLAGS=  -O2 -c" "EXTRA_COMPILER_FLAGS=-g"
Compiling multiply...
Running Make libs in ps7_cortexa9_0/libsrc/scutimer_v2_1/src
make -C ps7_cortexa9_0/libsrc/scutimer_v2_1/src -s libs  "SHELL=/bin/sh" "COMPILER=arm-xilinx-eabi-gcc" "ARCHIVER=arm-xilinx-eabi-ar" "COMPILER_FLAGS=  -O2 -c" "EXTRA_COMPILER_FLAGS=-g"
Compiling scutimer
Running Make libs in ps7_cortexa9_0/libsrc/uartps_v3_0/src
make -C ps7_cortexa9_0/libsrc/uartps_v3_0/src -s libs  "SHELL=/bin/sh" "COMPILER=arm-xilinx-eabi-gcc" "ARCHIVER=arm-xilinx-eabi-ar" "COMPILER_FLAGS=  -O2 -c" "EXTRA_COMPILER_FLAGS=-g"
Compiling uartps
Finished building libraries
18:40:23 **** Build of configuration Debug for project multiply_test ****
make all 
Building file: ../src/helloworld.c
Invoking: ARM gcc compiler
arm-xilinx-eabi-gcc -Wall -O0 -g3 -c -fmessage-length=0 -MT"src/helloworld.o" -I../../multiply_test_bsp/ps7_cortexa9_0/include -MMD -MP -MF"src/helloworld.d" -MT"src/helloworld.d" -o "src/helloworld.o" "../src/helloworld.c"
Finished building: ../src/helloworld.c
 
Building file: ../src/platform.c
Invoking: ARM gcc compiler
arm-xilinx-eabi-gcc -Wall -O0 -g3 -c -fmessage-length=0 -MT"src/platform.o" -I../../multiply_test_bsp/ps7_cortexa9_0/include -MMD -MP -MF"src/platform.d" -MT"src/platform.d" -o "src/platform.o" "../src/platform.c"
Finished building: ../src/platform.c
 
Building target: multiply_test.elf
Invoking: ARM gcc linker
arm-xilinx-eabi-gcc -Wl,-T -Wl,../src/lscript.ld -L../../multiply_test_bsp/ps7_cortexa9_0/lib -o "multiply_test.elf"  ./src/helloworld.o ./src/platform.o   -Wl,--start-group,-lxil,-lgcc,-lc,--end-group
Finished building target: multiply_test.elf
 
Invoking: ARM Print Size
arm-xilinx-eabi-size multiply_test.elf  |tee "multiply_test.elf.size"
   text	   data	    bss	    dec	    hex	filename
  22888	   1152	  22564	  46604	   b60c	multiply_test.elf
Finished building: multiply_test.elf.size
 
18:42:51 **** Auto Build of configuration Debug for project multiply_test ****
make all 
Building file: ../src/helloworld.c
Invoking: ARM gcc compiler
arm-xilinx-eabi-gcc -Wall -O0 -g3 -c -fmessage-length=0 -MT"src/helloworld.o" -I../../multiply_test_bsp/ps7_cortexa9_0/include -MMD -MP -MF"src/helloworld.d" -MT"src/helloworld.d" -o "src/helloworld.o" "../src/helloworld.c"
Finished building: ../src/helloworld.c
 
Building target: multiply_test.elf
Invoking: ARM gcc linker
arm-xilinx-eabi-gcc -Wl,-T -Wl,../src/lscript.ld -L../../multiply_test_bsp/ps7_cortexa9_0/lib -o "multiply_test.elf"  ./src/helloworld.o ./src/platform.o   -Wl,--start-group,-lxil,-lgcc,-lc,--end-group
Finished building target: multiply_test.elf
 
Invoking: ARM Print Size
arm-xilinx-eabi-size multiply_test.elf  |tee "multiply_test.elf.size"
   text	   data	    bss	    dec	    hex	filename
  22920	   1152	  22564	  46636	   b62c	multiply_test.elf
Finished building: multiply_test.elf.size
 
18:51:35 **** Auto Build of configuration Debug for project multiply_test ****
make all 
Building file: ../src/helloworld.c
Invoking: ARM gcc compiler
arm-xilinx-eabi-gcc -Wall -O0 -g3 -c -fmessage-length=0 -MT"src/helloworld.o" -I../../multiply_test_bsp/ps7_cortexa9_0/include -MMD -MP -MF"src/helloworld.d" -MT"src/helloworld.d" -o "src/helloworld.o" "../src/helloworld.c"
../src/helloworld.c: In function 'main':
../src/helloworld.c:66:6: warning: implicit declaration of function 'MULTIPLY_mWriteReg' [-Wimplicit-function-declaration]
      MULTIPLY_mWriteReg(XPAR_MULTIPLY_0_S00_AXI_BASEADDR, 0x00, i); //Load first value into reg 1
      ^
../src/helloworld.c:68:6: warning: implicit declaration of function 'MULTIPLY_mReadReg' [-Wimplicit-function-declaration]
      result = MULTIPLY_mReadReg(XPAR_MULTIPLY_0_S00_AXI_BASEADDR, 0x08); //Read result from reg 3
      ^
Finished building: ../src/helloworld.c
 
Building target: multiply_test.elf
Invoking: ARM gcc linker
arm-xilinx-eabi-gcc -Wl,-T -Wl,../src/lscript.ld -L../../multiply_test_bsp/ps7_cortexa9_0/lib -o "multiply_test.elf"  ./src/helloworld.o ./src/platform.o   -Wl,--start-group,-lxil,-lgcc,-lc,--end-group
./src/helloworld.o: In function `main':
/home/clvrpny/ecen449/lab03/lab03.sdk/multiply_test/Debug/../src/helloworld.c:66: undefined reference to `MULTIPLY_mWriteReg'
/home/clvrpny/ecen449/lab03/lab03.sdk/multiply_test/Debug/../src/helloworld.c:67: undefined reference to `MULTIPLY_mWriteReg'
/home/clvrpny/ecen449/lab03/lab03.sdk/multiply_test/Debug/../src/helloworld.c:68: undefined reference to `MULTIPLY_mReadReg'
collect2: error: ld returned 1 exit status
make: *** [multiply_test.elf] Error 1
makefile:36: recipe for target 'multiply_test.elf' failed
18:51:58 **** Auto Build of configuration Debug for project multiply_test ****
make all 
Building file: ../src/helloworld.c
Invoking: ARM gcc compiler
arm-xilinx-eabi-gcc -Wall -O0 -g3 -c -fmessage-length=0 -MT"src/helloworld.o" -I../../multiply_test_bsp/ps7_cortexa9_0/include -MMD -MP -MF"src/helloworld.d" -MT"src/helloworld.d" -o "src/helloworld.o" "../src/helloworld.c"
../src/helloworld.c: In function 'main':
../src/helloworld.c:67:6: warning: implicit declaration of function 'MULTIPLY_mWriteReg' [-Wimplicit-function-declaration]
      MULTIPLY_mWriteReg(XPAR_MULTIPLY_0_S00_AXI_BASEADDR, 0x00, i); //Load first value into reg 1
      ^
../src/helloworld.c:69:6: warning: implicit declaration of function 'MULTIPLY_mReadReg' [-Wimplicit-function-declaration]
      result = MULTIPLY_mReadReg(XPAR_MULTIPLY_0_S00_AXI_BASEADDR, 0x08); //Read result from reg 3
      ^
Finished building: ../src/helloworld.c
 
Building target: multiply_test.elf
Invoking: ARM gcc linker
arm-xilinx-eabi-gcc -Wl,-T -Wl,../src/lscript.ld -L../../multiply_test_bsp/ps7_cortexa9_0/lib -o "multiply_test.elf"  ./src/helloworld.o ./src/platform.o   -Wl,--start-group,-lxil,-lgcc,-lc,--end-group
./src/helloworld.o: In function `main':
/home/clvrpny/ecen449/lab03/lab03.sdk/multiply_test/Debug/../src/helloworld.c:67: undefined reference to `MULTIPLY_mWriteReg'
/home/clvrpny/ecen449/lab03/lab03.sdk/multiply_test/Debug/../src/helloworld.c:68: undefined reference to `MULTIPLY_mWriteReg'
/home/clvrpny/ecen449/lab03/lab03.sdk/multiply_test/Debug/../src/helloworld.c:69: undefined reference to `MULTIPLY_mReadReg'
collect2: error: ld returned 1 exit status
make: *** [multiply_test.elf] Error 1
makefile:36: recipe for target 'multiply_test.elf' failed
18:52:14 **** Auto Build of configuration Debug for project multiply_test ****
make all 
Building file: ../src/helloworld.c
Invoking: ARM gcc compiler
arm-xilinx-eabi-gcc -Wall -O0 -g3 -c -fmessage-length=0 -MT"src/helloworld.o" -I../../multiply_test_bsp/ps7_cortexa9_0/include -MMD -MP -MF"src/helloworld.d" -MT"src/helloworld.d" -o "src/helloworld.o" "../src/helloworld.c"
../src/helloworld.c: In function 'main':
../src/helloworld.c:68:6: warning: implicit declaration of function 'Xil_Out32' [-Wimplicit-function-declaration]
      MULTIPLY_mWriteReg(XPAR_MULTIPLY_0_S00_AXI_BASEADDR, 0x00, i); //Load first value into reg 1
      ^
../src/helloworld.c:70:6: warning: implicit declaration of function 'Xil_In32' [-Wimplicit-function-declaration]
      result = MULTIPLY_mReadReg(XPAR_MULTIPLY_0_S00_AXI_BASEADDR, 0x08); //Read result from reg 3
      ^
Finished building: ../src/helloworld.c
 
Building target: multiply_test.elf
Invoking: ARM gcc linker
arm-xilinx-eabi-gcc -Wl,-T -Wl,../src/lscript.ld -L../../multiply_test_bsp/ps7_cortexa9_0/lib -o "multiply_test.elf"  ./src/helloworld.o ./src/platform.o   -Wl,--start-group,-lxil,-lgcc,-lc,--end-group
Finished building target: multiply_test.elf
 
Invoking: ARM Print Size
arm-xilinx-eabi-size multiply_test.elf  |tee "multiply_test.elf.size"
   text	   data	    bss	    dec	    hex	filename
  60988	   2320	  22636	  85944	  14fb8	multiply_test.elf
Finished building: multiply_test.elf.size
 
18:56:06 **** Auto Build of configuration Debug for project multiply_test ****
make all 
Building file: ../src/helloworld.c
Invoking: ARM gcc compiler
arm-xilinx-eabi-gcc -Wall -O0 -g3 -c -fmessage-length=0 -MT"src/helloworld.o" -I../../multiply_test_bsp/ps7_cortexa9_0/include -MMD -MP -MF"src/helloworld.d" -MT"src/helloworld.d" -o "src/helloworld.o" "../src/helloworld.c"
../src/helloworld.c: In function 'main':
../src/helloworld.c:72:6: warning: implicit declaration of function 'Xil_Out32' [-Wimplicit-function-declaration]
      MULTIPLY_mWriteReg(XPAR_MULTIPLY_0_S00_AXI_BASEADDR, 0x00, i); //Load first value into reg 1
      ^
../src/helloworld.c:74:6: warning: implicit declaration of function 'Xil_In32' [-Wimplicit-function-declaration]
      result = MULTIPLY_mReadReg(XPAR_MULTIPLY_0_S00_AXI_BASEADDR, 0x08); //Read result from reg 3
      ^
Finished building: ../src/helloworld.c
 
Building target: multiply_test.elf
Invoking: ARM gcc linker
arm-xilinx-eabi-gcc -Wl,-T -Wl,../src/lscript.ld -L../../multiply_test_bsp/ps7_cortexa9_0/lib -o "multiply_test.elf"  ./src/helloworld.o ./src/platform.o   -Wl,--start-group,-lxil,-lgcc,-lc,--end-group
Finished building target: multiply_test.elf
 
Invoking: ARM Print Size
arm-xilinx-eabi-size multiply_test.elf  |tee "multiply_test.elf.size"
   text	   data	    bss	    dec	    hex	filename
  60988	   2320	  22636	  85944	  14fb8	multiply_test.elf
Finished building: multiply_test.elf.size
 
18:56:20 **** Auto Build of configuration Debug for project multiply_test ****
make all 
Building file: ../src/helloworld.c
Invoking: ARM gcc compiler
arm-xilinx-eabi-gcc -Wall -O0 -g3 -c -fmessage-length=0 -MT"src/helloworld.o" -I../../multiply_test_bsp/ps7_cortexa9_0/include -MMD -MP -MF"src/helloworld.d" -MT"src/helloworld.d" -o "src/helloworld.o" "../src/helloworld.c"
../src/helloworld.c: In function 'main':
../src/helloworld.c:73:6: warning: implicit declaration of function 'Xil_Out32' [-Wimplicit-function-declaration]
      MULTIPLY_mWriteReg(XPAR_MULTIPLY_0_S00_AXI_BASEADDR, 0x00, i); //Load first value into reg 1
      ^
../src/helloworld.c:75:6: warning: implicit declaration of function 'Xil_In32' [-Wimplicit-function-declaration]
      result = MULTIPLY_mReadReg(XPAR_MULTIPLY_0_S00_AXI_BASEADDR, 0x08); //Read result from reg 3
      ^
Finished building: ../src/helloworld.c
 
Building target: multiply_test.elf
Invoking: ARM gcc linker
arm-xilinx-eabi-gcc -Wl,-T -Wl,../src/lscript.ld -L../../multiply_test_bsp/ps7_cortexa9_0/lib -o "multiply_test.elf"  ./src/helloworld.o ./src/platform.o   -Wl,--start-group,-lxil,-lgcc,-lc,--end-group
Finished building target: multiply_test.elf
 
Invoking: ARM Print Size
arm-xilinx-eabi-size multiply_test.elf  |tee "multiply_test.elf.size"
   text	   data	    bss	    dec	    hex	filename
  60988	   2320	  22636	  85944	  14fb8	multiply_test.elf
Finished building: multiply_test.elf.size
 
19:02:06 **** Auto Build of configuration Debug for project multiply_test ****
make all 
Building file: ../src/helloworld.c
Invoking: ARM gcc compiler
arm-xilinx-eabi-gcc -Wall -O0 -g3 -c -fmessage-length=0 -MT"src/helloworld.o" -I../../multiply_test_bsp/ps7_cortexa9_0/include -MMD -MP -MF"src/helloworld.d" -MT"src/helloworld.d" -o "src/helloworld.o" "../src/helloworld.c"
../src/helloworld.c: In function 'main':
../src/helloworld.c:70:5: error: too many arguments to function 'print'
     print("\t+ multiply: I am at offset %x\n\r", XPAR_MULTIPLY_0_S00_AXI_BASEADDR);
     ^
../src/helloworld.c:59:6: note: declared here
 void print(char *str);
      ^
../src/helloworld.c:73:6: warning: implicit declaration of function 'Xil_Out32' [-Wimplicit-function-declaration]
      MULTIPLY_mWriteReg(XPAR_MULTIPLY_0_S00_AXI_BASEADDR, 0x00, i); //Load first value into reg 1
      ^
../src/helloworld.c:75:6: warning: implicit declaration of function 'Xil_In32' [-Wimplicit-function-declaration]
      result = MULTIPLY_mReadReg(XPAR_MULTIPLY_0_S00_AXI_BASEADDR, 0x08); //Read result from reg 3
src/subdir.mk:24: recipe for target 'src/helloworld.o' failed
      ^
make: *** [src/helloworld.o] Error 1
19:02:17 **** Auto Build of configuration Debug for project multiply_test ****
make all 
Building file: ../src/helloworld.c
Invoking: ARM gcc compiler
arm-xilinx-eabi-gcc -Wall -O0 -g3 -c -fmessage-length=0 -MT"src/helloworld.o" -I../../multiply_test_bsp/ps7_cortexa9_0/include -MMD -MP -MF"src/helloworld.d" -MT"src/helloworld.d" -o "src/helloworld.o" "../src/helloworld.c"
../src/helloworld.c: In function 'main':
../src/helloworld.c:73:6: warning: implicit declaration of function 'Xil_Out32' [-Wimplicit-function-declaration]
      MULTIPLY_mWriteReg(XPAR_MULTIPLY_0_S00_AXI_BASEADDR, 0x00, i); //Load first value into reg 1
      ^
../src/helloworld.c:75:6: warning: implicit declaration of function 'Xil_In32' [-Wimplicit-function-declaration]
      result = MULTIPLY_mReadReg(XPAR_MULTIPLY_0_S00_AXI_BASEADDR, 0x08); //Read result from reg 3
      ^
Finished building: ../src/helloworld.c
 
Building target: multiply_test.elf
Invoking: ARM gcc linker
arm-xilinx-eabi-gcc -Wl,-T -Wl,../src/lscript.ld -L../../multiply_test_bsp/ps7_cortexa9_0/lib -o "multiply_test.elf"  ./src/helloworld.o ./src/platform.o   -Wl,--start-group,-lxil,-lgcc,-lc,--end-group
Finished building target: multiply_test.elf
 
Invoking: ARM Print Size
arm-xilinx-eabi-size multiply_test.elf  |tee "multiply_test.elf.size"
   text	   data	    bss	    dec	    hex	filename
  61092	   2320	  22636	  86048	  15020	multiply_test.elf
Finished building: multiply_test.elf.size
 
19:04:20 **** Auto Build of configuration Debug for project multiply_test ****
make all 
Building file: ../src/helloworld.c
Invoking: ARM gcc compiler
arm-xilinx-eabi-gcc -Wall -O0 -g3 -c -fmessage-length=0 -MT"src/helloworld.o" -I../../multiply_test_bsp/ps7_cortexa9_0/include -MMD -MP -MF"src/helloworld.d" -MT"src/helloworld.d" -o "src/helloworld.o" "../src/helloworld.c"
../src/helloworld.c: In function 'main':
../src/helloworld.c:26:6: warning: implicit declaration of function 'Xil_Out32' [-Wimplicit-function-declaration]
      MULTIPLY_mWriteReg(XPAR_MULTIPLY_0_S00_AXI_BASEADDR, 0x00, i); //Load first value into reg. 1
      ^
../src/helloworld.c:28:6: warning: implicit declaration of function 'Xil_In32' [-Wimplicit-function-declaration]
      result = MULTIPLY_mReadReg(XPAR_MULTIPLY_0_S00_AXI_BASEADDR, 0x08); //Read result from reg 3
      ^
Finished building: ../src/helloworld.c
 
Building target: multiply_test.elf
Invoking: ARM gcc linker
arm-xilinx-eabi-gcc -Wl,-T -Wl,../src/lscript.ld -L../../multiply_test_bsp/ps7_cortexa9_0/lib -o "multiply_test.elf"  ./src/helloworld.o ./src/platform.o   -Wl,--start-group,-lxil,-lgcc,-lc,--end-group
Finished building target: multiply_test.elf
 
Invoking: ARM Print Size
arm-xilinx-eabi-size multiply_test.elf  |tee "multiply_test.elf.size"
   text	   data	    bss	    dec	    hex	filename
  61092	   2320	  22636	  86048	  15020	multiply_test.elf
Finished building: multiply_test.elf.size
 
15:22:02 **** Build of project multiply_test_bsp ****
make -k all 
Running Make include in ps7_cortexa9_0/libsrc/coresightps_dcc_v1_0/src
make -C ps7_cortexa9_0/libsrc/coresightps_dcc_v1_0/src -s include  "SHELL=/bin/sh" "COMPILER=arm-xilinx-eabi-gcc" "ARCHIVER=arm-xilinx-eabi-ar" "COMPILER_FLAGS=  -O2 -c" "EXTRA_COMPILER_FLAGS=-g"
Running Make include in ps7_cortexa9_0/libsrc/standalone_v5_1/src
make -C ps7_cortexa9_0/libsrc/standalone_v5_1/src -s include  "SHELL=/bin/sh" "COMPILER=arm-xilinx-eabi-gcc" "ARCHIVER=arm-xilinx-eabi-ar" "COMPILER_FLAGS=  -O2 -c" "EXTRA_COMPILER_FLAGS=-g"
Running Make include in ps7_cortexa9_0/libsrc/cpu_cortexa9_v2_1/src
make -C ps7_cortexa9_0/libsrc/cpu_cortexa9_v2_1/src -s include  "SHELL=/bin/sh" "COMPILER=arm-xilinx-eabi-gcc" "ARCHIVER=arm-xilinx-eabi-ar" "COMPILER_FLAGS=  -O2 -c" "EXTRA_COMPILER_FLAGS=-g"
Running Make include in ps7_cortexa9_0/libsrc/devcfg_v3_3/src
make -C ps7_cortexa9_0/libsrc/devcfg_v3_3/src -s include  "SHELL=/bin/sh" "COMPILER=arm-xilinx-eabi-gcc" "ARCHIVER=arm-xilinx-eabi-ar" "COMPILER_FLAGS=  -O2 -c" "EXTRA_COMPILER_FLAGS=-g"
Running Make include in ps7_cortexa9_0/libsrc/xadcps_v2_2/src
make -C ps7_cortexa9_0/libsrc/xadcps_v2_2/src -s include  "SHELL=/bin/sh" "COMPILER=arm-xilinx-eabi-gcc" "ARCHIVER=arm-xilinx-eabi-ar" "COMPILER_FLAGS=  -O2 -c" "EXTRA_COMPILER_FLAGS=-g"
Running Make include in ps7_cortexa9_0/libsrc/dmaps_v2_1/src
make -C ps7_cortexa9_0/libsrc/dmaps_v2_1/src -s include  "SHELL=/bin/sh" "COMPILER=arm-xilinx-eabi-gcc" "ARCHIVER=arm-xilinx-eabi-ar" "COMPILER_FLAGS=  -O2 -c" "EXTRA_COMPILER_FLAGS=-g"
Running Make include in ps7_cortexa9_0/libsrc/scugic_v3_0/src
make -C ps7_cortexa9_0/libsrc/scugic_v3_0/src -s include  "SHELL=/bin/sh" "COMPILER=arm-xilinx-eabi-gcc" "ARCHIVER=arm-xilinx-eabi-ar" "COMPILER_FLAGS=  -O2 -c" "EXTRA_COMPILER_FLAGS=-g"
Running Make include in ps7_cortexa9_0/libsrc/scuwdt_v2_1/src
make -C ps7_cortexa9_0/libsrc/scuwdt_v2_1/src -s include  "SHELL=/bin/sh" "COMPILER=arm-xilinx-eabi-gcc" "ARCHIVER=arm-xilinx-eabi-ar" "COMPILER_FLAGS=  -O2 -c" "EXTRA_COMPILER_FLAGS=-g"
Running Make include in ps7_cortexa9_0/libsrc/multiply_v1_0/src
make -C ps7_cortexa9_0/libsrc/multiply_v1_0/src -s include  "SHELL=/bin/sh" "COMPILER=arm-xilinx-eabi-gcc" "ARCHIVER=arm-xilinx-eabi-ar" "COMPILER_FLAGS=  -O2 -c" "EXTRA_COMPILER_FLAGS=-g"
Running Make include in ps7_cortexa9_0/libsrc/scutimer_v2_1/src
make -C ps7_cortexa9_0/libsrc/scutimer_v2_1/src -s include  "SHELL=/bin/sh" "COMPILER=arm-xilinx-eabi-gcc" "ARCHIVER=arm-xilinx-eabi-ar" "COMPILER_FLAGS=  -O2 -c" "EXTRA_COMPILER_FLAGS=-g"
Running Make include in ps7_cortexa9_0/libsrc/uartps_v3_0/src
make -C ps7_cortexa9_0/libsrc/uartps_v3_0/src -s include  "SHELL=/bin/sh" "COMPILER=arm-xilinx-eabi-gcc" "ARCHIVER=arm-xilinx-eabi-ar" "COMPILER_FLAGS=  -O2 -c" "EXTRA_COMPILER_FLAGS=-g"
Running Make libs in ps7_cortexa9_0/libsrc/coresightps_dcc_v1_0/src
make -C ps7_cortexa9_0/libsrc/coresightps_dcc_v1_0/src -s libs  "SHELL=/bin/sh" "COMPILER=arm-xilinx-eabi-gcc" "ARCHIVER=arm-xilinx-eabi-ar" "COMPILER_FLAGS=  -O2 -c" "EXTRA_COMPILER_FLAGS=-g"
Compiling coresightps_dcc
Running Make libs in ps7_cortexa9_0/libsrc/standalone_v5_1/src
make -C ps7_cortexa9_0/libsrc/standalone_v5_1/src -s libs  "SHELL=/bin/sh" "COMPILER=arm-xilinx-eabi-gcc" "ARCHIVER=arm-xilinx-eabi-ar" "COMPILER_FLAGS=  -O2 -c" "EXTRA_COMPILER_FLAGS=-g"
Compiling standalone
Running Make libs in ps7_cortexa9_0/libsrc/cpu_cortexa9_v2_1/src
make -C ps7_cortexa9_0/libsrc/cpu_cortexa9_v2_1/src -s libs  "SHELL=/bin/sh" "COMPILER=arm-xilinx-eabi-gcc" "ARCHIVER=arm-xilinx-eabi-ar" "COMPILER_FLAGS=  -O2 -c" "EXTRA_COMPILER_FLAGS=-g"
Compiling cpu_cortexa9
Running Make libs in ps7_cortexa9_0/libsrc/devcfg_v3_3/src
make -C ps7_cortexa9_0/libsrc/devcfg_v3_3/src -s libs  "SHELL=/bin/sh" "COMPILER=arm-xilinx-eabi-gcc" "ARCHIVER=arm-xilinx-eabi-ar" "COMPILER_FLAGS=  -O2 -c" "EXTRA_COMPILER_FLAGS=-g"
Compiling devcfg
Running Make libs in ps7_cortexa9_0/libsrc/xadcps_v2_2/src
make -C ps7_cortexa9_0/libsrc/xadcps_v2_2/src -s libs  "SHELL=/bin/sh" "COMPILER=arm-xilinx-eabi-gcc" "ARCHIVER=arm-xilinx-eabi-ar" "COMPILER_FLAGS=  -O2 -c" "EXTRA_COMPILER_FLAGS=-g"
Compiling xadcps
Running Make libs in ps7_cortexa9_0/libsrc/dmaps_v2_1/src
make -C ps7_cortexa9_0/libsrc/dmaps_v2_1/src -s libs  "SHELL=/bin/sh" "COMPILER=arm-xilinx-eabi-gcc" "ARCHIVER=arm-xilinx-eabi-ar" "COMPILER_FLAGS=  -O2 -c" "EXTRA_COMPILER_FLAGS=-g"
Compiling dmaps
Running Make libs in ps7_cortexa9_0/libsrc/scugic_v3_0/src
make -C ps7_cortexa9_0/libsrc/scugic_v3_0/src -s libs  "SHELL=/bin/sh" "COMPILER=arm-xilinx-eabi-gcc" "ARCHIVER=arm-xilinx-eabi-ar" "COMPILER_FLAGS=  -O2 -c" "EXTRA_COMPILER_FLAGS=-g"
Compiling scugic
Running Make libs in ps7_cortexa9_0/libsrc/scuwdt_v2_1/src
make -C ps7_cortexa9_0/libsrc/scuwdt_v2_1/src -s libs  "SHELL=/bin/sh" "COMPILER=arm-xilinx-eabi-gcc" "ARCHIVER=arm-xilinx-eabi-ar" "COMPILER_FLAGS=  -O2 -c" "EXTRA_COMPILER_FLAGS=-g"
Compiling scuwdt
Running Make libs in ps7_cortexa9_0/libsrc/multiply_v1_0/src
make -C ps7_cortexa9_0/libsrc/multiply_v1_0/src -s libs  "SHELL=/bin/sh" "COMPILER=arm-xilinx-eabi-gcc" "ARCHIVER=arm-xilinx-eabi-ar" "COMPILER_FLAGS=  -O2 -c" "EXTRA_COMPILER_FLAGS=-g"
Compiling multiply...
Running Make libs in ps7_cortexa9_0/libsrc/scutimer_v2_1/src
make -C ps7_cortexa9_0/libsrc/scutimer_v2_1/src -s libs  "SHELL=/bin/sh" "COMPILER=arm-xilinx-eabi-gcc" "ARCHIVER=arm-xilinx-eabi-ar" "COMPILER_FLAGS=  -O2 -c" "EXTRA_COMPILER_FLAGS=-g"
Compiling scutimer
Running Make libs in ps7_cortexa9_0/libsrc/uartps_v3_0/src
make -C ps7_cortexa9_0/libsrc/uartps_v3_0/src -s libs  "SHELL=/bin/sh" "COMPILER=arm-xilinx-eabi-gcc" "ARCHIVER=arm-xilinx-eabi-ar" "COMPILER_FLAGS=  -O2 -c" "EXTRA_COMPILER_FLAGS=-g"
Compiling uartps
Finished building libraries
15:22:07 **** Clean-only build of configuration Debug for project multiply_test ****
make clean 
rm -rf  ./src/helloworld.o ./src/platform.o  ./src/helloworld.d ./src/platform.d  multiply_test.elf.size  multiply_test.elf
 
15:22:08 **** Build of configuration Debug for project multiply_test ****
make all 
Building file: ../src/helloworld.c
Invoking: ARM gcc compiler
arm-xilinx-eabi-gcc -Wall -O0 -g3 -c -fmessage-length=0 -MT"src/helloworld.o" -I../../multiply_test_bsp/ps7_cortexa9_0/include -MMD -MP -MF"src/helloworld.d" -MT"src/helloworld.d" -o "src/helloworld.o" "../src/helloworld.c"
../src/helloworld.c: In function 'main':
../src/helloworld.c:26:6: warning: implicit declaration of function 'Xil_Out32' [-Wimplicit-function-declaration]
      MULTIPLY_mWriteReg(XPAR_MULTIPLY_0_S00_AXI_BASEADDR, 0x00, i); //Load first value into reg. 1
      ^
../src/helloworld.c:28:6: warning: implicit declaration of function 'Xil_In32' [-Wimplicit-function-declaration]
      result = MULTIPLY_mReadReg(XPAR_MULTIPLY_0_S00_AXI_BASEADDR, 0x08); //Read result from reg 3
      ^
Finished building: ../src/helloworld.c
 
Building file: ../src/platform.c
Invoking: ARM gcc compiler
arm-xilinx-eabi-gcc -Wall -O0 -g3 -c -fmessage-length=0 -MT"src/platform.o" -I../../multiply_test_bsp/ps7_cortexa9_0/include -MMD -MP -MF"src/platform.d" -MT"src/platform.d" -o "src/platform.o" "../src/platform.c"
Finished building: ../src/platform.c
 
Building target: multiply_test.elf
Invoking: ARM gcc linker
arm-xilinx-eabi-gcc -Wl,-T -Wl,../src/lscript.ld -L../../multiply_test_bsp/ps7_cortexa9_0/lib -o "multiply_test.elf"  ./src/helloworld.o ./src/platform.o   -Wl,--start-group,-lxil,-lgcc,-lc,--end-group
Finished building target: multiply_test.elf
 
Invoking: ARM Print Size
arm-xilinx-eabi-size multiply_test.elf  |tee "multiply_test.elf.size"
   text	   data	    bss	    dec	    hex	filename
  61092	   2320	  22636	  86048	  15020	multiply_test.elf
Finished building: multiply_test.elf.size
 
15:22:21 **** Incremental Build of configuration Debug for project multiply_test ****
make all 
make: Nothing to be done for 'all'.
15:22:35 **** Incremental Build of configuration Debug for project multiply_test ****
make all 
make: Nothing to be done for 'all'.
15:22:49 **** Incremental Build of configuration Debug for project multiply_test ****
make all 
make: Nothing to be done for 'all'.
15:22:57 **** Incremental Build of configuration Debug for project multiply_test ****
make all 
make: Nothing to be done for 'all'.
15:23:08 **** Incremental Build of configuration Debug for project multiply_test ****
make all 
make: Nothing to be done for 'all'.
15:23:46 **** Incremental Build of configuration Debug for project multiply_test ****
make all 
make: Nothing to be done for 'all'.
15:24:27 **** Incremental Build of configuration Debug for project multiply_test ****
make all 
make: Nothing to be done for 'all'.
15:25:05 **** Incremental Build of configuration Debug for project multiply_test ****
make all 
make: Nothing to be done for 'all'.
15:26:37 **** Incremental Build of configuration Debug for project multiply_test ****
make all 
make: Nothing to be done for 'all'.
15:27:25 **** Incremental Build of configuration Debug for project multiply_test ****
make all 
make: Nothing to be done for 'all'.
15:27:45 **** Incremental Build of configuration Debug for project multiply_test ****
make all 
make: Nothing to be done for 'all'.
15:28:13 **** Incremental Build of configuration Debug for project multiply_test ****
make all 
make: Nothing to be done for 'all'.
15:29:08 **** Incremental Build of configuration Debug for project multiply_test ****
make all 
make: Nothing to be done for 'all'.
15:29:49 **** Incremental Build of configuration Debug for project multiply_test ****
make all 
make: Nothing to be done for 'all'.
15:32:24 **** Incremental Build of configuration Debug for project multiply_test ****
make all 
make: Nothing to be done for 'all'.
15:32:51 **** Incremental Build of configuration Debug for project multiply_test ****
make all 
make: Nothing to be done for 'all'.
15:33:16 **** Incremental Build of configuration Debug for project multiply_test ****
make all 
make: Nothing to be done for 'all'.
15:34:14 **** Incremental Build of configuration Debug for project multiply_test ****
make all 
make: Nothing to be done for 'all'.
15:34:48 **** Incremental Build of configuration Debug for project multiply_test ****
make all 
make: Nothing to be done for 'all'.
15:35:09 **** Incremental Build of configuration Debug for project multiply_test ****
make all 
make: Nothing to be done for 'all'.
15:35:21 **** Incremental Build of configuration Debug for project multiply_test ****
make all 
make: Nothing to be done for 'all'.
