19:04:20 **** Auto Build of configuration Debug for project multiply_test ****
make all 
Building file: ../src/helloworld.c
Invoking: ARM gcc compiler
arm-xilinx-eabi-gcc -Wall -O0 -g3 -c -fmessage-length=0 -MT"src/helloworld.o" -I../../multiply_test_bsp/ps7_cortexa9_0/include -MMD -MP -MF"src/helloworld.d" -MT"src/helloworld.d" -o "src/helloworld.o" "../src/helloworld.c"
../src/helloworld.c: In function 'main':
../src/helloworld.c:26:6: warning: implicit declaration of function 'Xil_Out32' [-Wimplicit-function-declaration]
      MULTIPLY_mWriteReg(XPAR_MULTIPLY_0_S00_AXI_BASEADDR, 0x00, i); //Load first value into reg. 1
      ^
../src/helloworld.c:28:6: warning: implicit declaration of function 'Xil_In32' [-Wimplicit-function-declaration]
      result = MULTIPLY_mReadReg(XPAR_MULTIPLY_0_S00_AXI_BASEADDR, 0x08); //Read result from reg 3
      ^
Finished building: ../src/helloworld.c
 
Building target: multiply_test.elf
Invoking: ARM gcc linker
arm-xilinx-eabi-gcc -Wl,-T -Wl,../src/lscript.ld -L../../multiply_test_bsp/ps7_cortexa9_0/lib -o "multiply_test.elf"  ./src/helloworld.o ./src/platform.o   -Wl,--start-group,-lxil,-lgcc,-lc,--end-group
Finished building target: multiply_test.elf
 
Invoking: ARM Print Size
arm-xilinx-eabi-size multiply_test.elf  |tee "multiply_test.elf.size"
   text	   data	    bss	    dec	    hex	filename
  61092	   2320	  22636	  86048	  15020	multiply_test.elf
Finished building: multiply_test.elf.size
 

19:04:20 Build Finished (took 116ms)

