Archive member included to satisfy reference by file (symbol)

/opt/coe/Xilinx/SDK/2015.2/gnu/arm/lin/bin/../lib/gcc/arm-xilinx-linux-gnueabi/4.9.1/libgcc.a(_udivsi3.o)
                              arch/arm/cpu/armv7/zynq/built-in.o (__aeabi_uidiv)
/opt/coe/Xilinx/SDK/2015.2/gnu/arm/lin/bin/../lib/gcc/arm-xilinx-linux-gnueabi/4.9.1/libgcc.a(_divsi3.o)
                              common/built-in.o (__aeabi_idiv)
/opt/coe/Xilinx/SDK/2015.2/gnu/arm/lin/bin/../lib/gcc/arm-xilinx-linux-gnueabi/4.9.1/libgcc.a(_lshrdi3.o)
                              common/built-in.o (__aeabi_llsr)
/opt/coe/Xilinx/SDK/2015.2/gnu/arm/lin/bin/../lib/gcc/arm-xilinx-linux-gnueabi/4.9.1/libgcc.a(_ashldi3.o)
                              drivers/mmc/built-in.o (__aeabi_llsl)
/opt/coe/Xilinx/SDK/2015.2/gnu/arm/lin/bin/../lib/gcc/arm-xilinx-linux-gnueabi/4.9.1/libgcc.a(_dvmd_lnx.o)
                              /opt/coe/Xilinx/SDK/2015.2/gnu/arm/lin/bin/../lib/gcc/arm-xilinx-linux-gnueabi/4.9.1/libgcc.a(_udivsi3.o) (__aeabi_idiv0)

Discarded input sections

 .data          0x00000000        0x0 arch/arm/cpu/armv7/start.o
 .bss           0x00000000        0x0 arch/arm/cpu/armv7/start.o
 .text          0x00000000        0x0 api/built-in.o
 .data          0x00000000        0x0 api/built-in.o
 .bss           0x00000000        0x0 api/built-in.o
 .text          0x00000000        0x0 arch/arm/cpu/armv7/built-in.o
 .text.sdelay   0x00000000        0xc arch/arm/cpu/armv7/built-in.o
 .text.sr32     0x00000000       0x20 arch/arm/cpu/armv7/built-in.o
 .text.wait_on_value
                0x00000000       0x34 arch/arm/cpu/armv7/built-in.o
 .data          0x00000000        0x0 arch/arm/cpu/armv7/built-in.o
 .bss           0x00000000        0x0 arch/arm/cpu/armv7/built-in.o
 .text.zynq_clk_get_name
                0x00000000       0x18 arch/arm/cpu/armv7/zynq/built-in.o
 .text.zynq_get_silicon_version
                0x00000000       0x14 arch/arm/cpu/armv7/zynq/built-in.o
 .data          0x00000000        0x0 arch/arm/cpu/armv7/zynq/built-in.o
 .bss           0x00000000        0x0 arch/arm/cpu/armv7/zynq/built-in.o
 .text.__arch_cpu_init
                0x00000000        0x8 arch/arm/lib/built-in.o
 .text.__red_led_off
                0x00000000        0x4 arch/arm/lib/built-in.o
 .text.__green_led_on
                0x00000000        0x4 arch/arm/lib/built-in.o
 .text.__green_led_off
                0x00000000        0x4 arch/arm/lib/built-in.o
 .text.__yellow_led_on
                0x00000000        0x4 arch/arm/lib/built-in.o
 .text.__yellow_led_off
                0x00000000        0x4 arch/arm/lib/built-in.o
 .text.__blue_led_on
                0x00000000        0x4 arch/arm/lib/built-in.o
 .text.__blue_led_off
                0x00000000        0x4 arch/arm/lib/built-in.o
 .text.setup_board_tags
                0x00000000        0x4 arch/arm/lib/built-in.o
 .text.__arm_init_before_mmu
                0x00000000        0x4 arch/arm/lib/built-in.o
 .text.__mmu_page_table_flush
                0x00000000        0x4 arch/arm/lib/built-in.o
 .text.__flush_cache
                0x00000000        0x4 arch/arm/lib/built-in.o
 .text.__flush_dcache_all
                0x00000000        0xc arch/arm/lib/built-in.o
 .text.__enable_caches
                0x00000000        0xc arch/arm/lib/built-in.o
 .data          0x00000000        0x0 arch/arm/lib/built-in.o
 .bss           0x00000000        0x0 arch/arm/lib/built-in.o
 .text          0x00000000        0x0 board/xilinx/zynq/built-in.o
 .data          0x00000000        0x0 board/xilinx/zynq/built-in.o
 .bss           0x00000000        0x0 board/xilinx/zynq/built-in.o
 .text          0x00000000        0x0 common/built-in.o
 .text.bootz_setup
                0x00000000       0x18 common/built-in.o
 .text.invalidate_icache_all
                0x00000000        0xc common/built-in.o
 .text.flush_dcache_all
                0x00000000        0xc common/built-in.o
 .text.soc_clk_dump
                0x00000000       0x18 common/built-in.o
 .text.serial_printf
                0x00000000       0x4c common/built-in.o
 .text.fputc    0x00000000       0x20 common/built-in.o
 .text.fputs    0x00000000       0x20 common/built-in.o
 .text.fprintf  0x00000000       0x54 common/built-in.o
 .text.disable_ctrlc
                0x00000000       0x18 common/built-in.o
 .text.dbg      0x00000000        0xc common/built-in.o
 .text.valloc   0x00000000        0xc common/built-in.o
 .text.pvalloc  0x00000000       0x18 common/built-in.o
 .text.cfree    0x00000000        0x4 common/built-in.o
 .text.malloc_usable_size
                0x00000000       0x3c common/built-in.o
 .text.mallopt  0x00000000       0x68 common/built-in.o
 .text.env_flags_parse_varaccess_from_binflags
                0x00000000       0x28 common/built-in.o
 .text.of_bus_default_map
                0x00000000       0xdc common/built-in.o
 .text.of_bus_default_count_cells
                0x00000000       0x74 common/built-in.o
[...]
Memory Configuration

Name             Origin             Length             Attributes
*default*        0x00000000         0xffffffff

Linker script and memory map

                0x00000000                . = 0x0
                0x00000000                . = ALIGN (0x4)

.text           0x04000000    0x3914c
 *(.__image_copy_start)
 .__image_copy_start
                0x04000000        0x0 arch/arm/lib/built-in.o
                0x04000000                __image_copy_start
 arch/arm/cpu/armv7/start.o(.text*)
 .text          0x04000000      0x3a0 arch/arm/cpu/armv7/start.o
                0x04000000                _start
                0x04000040                _end_vect
                0x04000040                _TEXT_BASE
                0x04000044                _bss_start_ofs
                0x04000048                _bss_end_ofs
                0x0400004c                _end_ofs
                0x04000050                IRQ_STACK_START_IN
                0x04000094                c_runtime_cpu_setup
                0x040000ac                save_boot_params
                0x040000b0                cpu_init_cp15
                0x040000e8                cpu_init_crit
 *(.text*)
 .text.syscall  0x040003a0       0x6c api/built-in.o
                0x040003a0                syscall
 .text.API_display_clear
                0x0400040c       0x10 api/built-in.o
 .text.API_display_draw_bitmap
                0x0400041c        0x8 api/built-in.o
 .text.API_display_get_info
                0x04000424        0x8 api/built-in.o
 .text.API_env_enum
                0x0400042c       0xb0 api/built-in.o
 .text.API_env_set
                0x040004dc       0x34 api/built-in.o
 .text.API_env_get
                0x04000510       0x40 api/built-in.o
 .text.API_dev_write
                0x04000550       0x68 api/built-in.o
 .text.API_dev_read
                0x040005b8       0xc0 api/built-in.o
 .text.API_dev_close
                0x04000678       0x64 api/built-in.o
 .text.API_dev_open
                0x040006dc       0x70 api/built-in.o
 .text.API_dev_enum
                0x0400074c       0x5c api/built-in.o
 .text.API_get_timer
                0x040007a8       0x38 api/built-in.o
 .text.API_udelay
                0x040007e0       0x28 api/built-in.o
 .text.API_get_sys_info
                0x04000808       0x2c api/built-in.o
 .text.API_reset
                0x04000834       0x20 api/built-in.o
 .text.API_puts
                0x04000854       0x24 api/built-in.o
 .text.API_tstc
                0x04000878       0x28 api/built-in.o
 .text.API_putc
                0x040008a0       0x28 api/built-in.o
 .text.API_getc
                0x040008c8       0x28 api/built-in.o
 .text.api_init
                0x040008f0      0x16c api/built-in.o
                0x040008f0                api_init
 .text.platform_set_mr
                0x04000a5c       0x78 api/built-in.o
                0x04000a5c                platform_set_mr
 .text.display_get_info
                0x04000ad4       0x10 api/built-in.o
                0x04000ad4                display_get_info
 .text.display_draw_bitmap
                0x04000ae4       0x10 api/built-in.o
                0x04000ae4                display_draw_bitmap
 .text.display_clear
                0x04000af4        0x4 api/built-in.o
                0x04000af4                display_clear
 .text.dev_open_net
                0x04000af8       0x38 api/built-in.o
                0x04000af8                dev_open_net
 .text.dev_close_net
                0x04000b30       0x2c api/built-in.o
                0x04000b30                dev_close_net
 .text.dev_enum_net
                0x04000b5c       0x44 api/built-in.o
                0x04000b5c                dev_enum_net
 .text.dev_write_net
                0x04000ba0        0xc api/built-in.o
                0x04000ba0                dev_write_net
 .text.dev_read_net
                0x04000bac        0xc api/built-in.o
                0x04000bac                dev_read_net
 .text.platform_sys_info
                0x04000bb8       0x24 api/built-in.o
                0x04000bb8                platform_sys_info
 .text.dev_stor_type
                0x04000bdc       0x64 api/built-in.o
 .text.dev_stor_get
                0x04000c40      0x134 api/built-in.o
 .text.dev_stor_is_valid
                0x04000d74       0x64 api/built-in.o
 .text.dev_stor_init
                0x04000dd8       0x58 api/built-in.o
                0x04000dd8                dev_stor_init
 .text.dev_enum_reset
                0x04000e30       0x2c api/built-in.o
                0x04000e30                dev_enum_reset
 .text.dev_enum_storage
                0x04000e5c      0x110 api/built-in.o
                0x04000e5c                dev_enum_storage
 .text.dev_open_stor
                0x04000f6c       0x34 api/built-in.o
                0x04000f6c                dev_open_stor
 .text.dev_close_stor
                0x04000fa0        0x8 api/built-in.o
                0x04000fa0                dev_close_stor
 .text.dev_read_stor
                0x04000fa8       0xb4 api/built-in.o
                0x04000fa8                dev_read_stor
 .text.v7_maint_dcache_all
                0x0400105c       0xd0 arch/arm/cpu/armv7/built-in.o
 .text.invalidate_icache_all
                0x0400112c       0x18 arch/arm/cpu/armv7/built-in.o
                0x0400112c                invalidate_icache_all
 .text.__v7_outer_cache_enable
                0x04001144        0x4 arch/arm/cpu/armv7/built-in.o
                0x04001144                __v7_outer_cache_enable
                0x04001144                v7_outer_cache_enable
 .text.__v7_outer_cache_disable
                0x04001148        0x4 arch/arm/cpu/armv7/built-in.o
                0x04001148                v7_outer_cache_disable
                0x04001148                __v7_outer_cache_disable
 .text.__v7_outer_cache_flush_all
                0x0400114c        0x4 arch/arm/cpu/armv7/built-in.o
                0x0400114c                __v7_outer_cache_flush_all
                0x0400114c                v7_outer_cache_flush_all
 .text.flush_dcache_all
                0x04001150       0x14 arch/arm/cpu/armv7/built-in.o
                0x04001150                flush_dcache_all
 .text.__v7_outer_cache_inval_all
                0x04001164        0x4 arch/arm/cpu/armv7/built-in.o
                0x04001164                v7_outer_cache_inval_all
                0x04001164                __v7_outer_cache_inval_all
 .text.invalidate_dcache_all
                0x04001168       0x14 arch/arm/cpu/armv7/built-in.o
                0x04001168                invalidate_dcache_all
 .text.arm_init_before_mmu
                0x0400117c       0x28 arch/arm/cpu/armv7/built-in.o
                0x0400117c                arm_init_before_mmu
 .text.__v7_outer_cache_flush_range
                0x040011a4        0x4 arch/arm/cpu/armv7/built-in.o
                0x040011a4                v7_outer_cache_flush_range
                0x040011a4                __v7_outer_cache_flush_range
 .text.flush_dcache_range
                0x040011a8       0x3c arch/arm/cpu/armv7/built-in.o
                0x040011a8                flush_dcache_range
 .text.mmu_page_table_flush
                0x040011e4       0x24 arch/arm/cpu/armv7/built-in.o
                0x040011e4                mmu_page_table_flush
 .text.flush_cache
                0x04001208        0x8 arch/arm/cpu/armv7/built-in.o
                0x04001208                flush_cache
 .text.__v7_outer_cache_inval_range
                0x04001210        0x4 arch/arm/cpu/armv7/built-in.o
                0x04001210                __v7_outer_cache_inval_range
                0x04001210                v7_outer_cache_inval_range
 .text.invalidate_dcache_range
                0x04001214       0xac arch/arm/cpu/armv7/built-in.o
                0x04001214                invalidate_dcache_range
 .text.cpu_cache_initialization
                0x040012c0        0x4 arch/arm/cpu/armv7/built-in.o
                0x040012c0                cpu_cache_initialization
 .text.cleanup_before_linux
                0x040012c4       0x28 arch/arm/cpu/armv7/built-in.o
                0x040012c4                cleanup_before_linux
 .text          0x040012ec       0x24 arch/arm/cpu/armv7/zynq/built-in.o
                0x040012ec                lowlevel_init
 .text.ddr2x_get_rate
                0x04001310       0x3c arch/arm/cpu/armv7/zynq/built-in.o
 .text.ddr3x_get_rate
                0x0400134c       0x3c arch/arm/cpu/armv7/zynq/built-in.o
 .text.zynq_clk_periph_get_rate
                0x04001388       0x7c arch/arm/cpu/armv7/zynq/built-in.o
 .text.__zynq_clk_pll_get_rate
                0x04001404       0x20 arch/arm/cpu/armv7/zynq/built-in.o
 .text.zynq_clk_pll_get_rate
                0x04001424        0x8 arch/arm/cpu/armv7/zynq/built-in.o
 .text.zynq_clk_periph_set_rate
                0x0400142c      0x11c arch/arm/cpu/armv7/zynq/built-in.o
 .text.zynq_clk_register_periph_clk
                0x04001548       0x5c arch/arm/cpu/armv7/zynq/built-in.o
 .text.zynq_clk_early_init
                0x040015a4       0x58 arch/arm/cpu/armv7/zynq/built-in.o
                0x040015a4                zynq_clk_early_init
 .text.get_uart_clk
                0x040015fc       0x50 arch/arm/cpu/armv7/zynq/built-in.o
                0x040015fc                get_uart_clk
 .text.set_cpu_clk_info
                0x0400164c      0x604 arch/arm/cpu/armv7/zynq/built-in.o
                0x0400164c                set_cpu_clk_info
 .text.zynq_clk_get_rate
                0x04001c50       0x20 arch/arm/cpu/armv7/zynq/built-in.o
                0x04001c50                zynq_clk_get_rate
 .text.zynq_clk_set_rate
                0x04001c70       0x40 arch/arm/cpu/armv7/zynq/built-in.o
                0x04001c70                zynq_clk_set_rate
 .text.soc_clk_dump
                0x04001cb0       0x50 arch/arm/cpu/armv7/zynq/built-in.o
                0x04001cb0                soc_clk_dump
 .text.arch_cpu_init
                0x04001d00       0x60 arch/arm/cpu/armv7/zynq/built-in.o
                0x04001d00                arch_cpu_init
 .text.reset_cpu
                0x04001d60        0xc arch/arm/cpu/armv7/zynq/built-in.o
                0x04001d60                reset_cpu
 .text.enable_caches
                0x04001d6c        0x4 arch/arm/cpu/armv7/zynq/built-in.o
                0x04001d6c                enable_caches
 .text.zynq_ddrc_init
                0x04001d70       0x64 arch/arm/cpu/armv7/zynq/built-in.o
                0x04001d70                zynq_ddrc_init
 .text.zynq_slcr_lock
                0x04001dd4       0x2c arch/arm/cpu/armv7/zynq/built-in.o
                0x04001dd4                zynq_slcr_lock
 .text.zynq_slcr_unlock
                0x04001e00       0x2c arch/arm/cpu/armv7/zynq/built-in.o
                0x04001e00                zynq_slcr_unlock
 .text.zynq_slcr_cpu_reset
                0x04001e2c       0x24 arch/arm/cpu/armv7/zynq/built-in.o
                0x04001e2c                zynq_slcr_cpu_reset
 .text.zynq_slcr_gem_clk_setup
                0x04001e50       0x68 arch/arm/cpu/armv7/zynq/built-in.o
                0x04001e50                zynq_slcr_gem_clk_setup
 .text.zynq_slcr_devcfg_disable
                0x04001eb8       0x24 arch/arm/cpu/armv7/zynq/built-in.o
                0x04001eb8                zynq_slcr_devcfg_disable
 .text.zynq_slcr_devcfg_enable
                0x04001edc       0x24 arch/arm/cpu/armv7/zynq/built-in.o
                0x04001edc                zynq_slcr_devcfg_enable
 .text.zynq_slcr_get_boot_mode
                0x04001f00        0xc arch/arm/cpu/armv7/zynq/built-in.o
                0x04001f00                zynq_slcr_get_boot_mode
 .text.zynq_slcr_get_idcode
                0x04001f0c       0x10 arch/arm/cpu/armv7/zynq/built-in.o
                0x04001f0c                zynq_slcr_get_idcode
 .text.zynq_slcr_get_mio_pin_status
                0x04001f1c       0xa0 arch/arm/cpu/armv7/zynq/built-in.o
                0x04001f1c                zynq_slcr_get_mio_pin_status
 .text.timer_init
                0x04001fbc       0x68 arch/arm/cpu/armv7/zynq/built-in.o
                0x04001fbc                timer_init
 .text.get_timer_masked
                0x04002024       0x50 arch/arm/cpu/armv7/zynq/built-in.o
                0x04002024                get_timer_masked
 .text.__udelay
                0x04002074       0x90 arch/arm/cpu/armv7/zynq/built-in.o
                0x04002074                __udelay
 .text.get_timer
                0x04002104       0x14 arch/arm/cpu/armv7/zynq/built-in.o
                0x04002104                get_timer
 .text.get_ticks
                0x04002118       0x10 arch/arm/cpu/armv7/zynq/built-in.o
                0x04002118                get_ticks
 .text.get_tbclk
                0x04002128        0x8 arch/arm/cpu/armv7/zynq/built-in.o
                0x04002128                get_tbclk
 .text          0x04002130       0xe8 arch/arm/lib/built-in.o
                0x04002130                _main
                0x040021b4                relocate_code
 .text.init_func_i2c
                0x04002218       0x28 arch/arm/lib/built-in.o
 .text.display_banner
                0x04002240       0x20 arch/arm/lib/built-in.o
 .text.init_baudrate
                0x04002260       0x2c arch/arm/lib/built-in.o
 .text.mark_bootstage
                0x0400228c       0x14 arch/arm/lib/built-in.o
 .text.__coloured_LED_init
                0x040022a0        0x4 arch/arm/lib/built-in.o
                0x040022a0                coloured_LED_init
                0x040022a0                __coloured_LED_init
 .text.__red_led_on
                0x040022a4        0x4 arch/arm/lib/built-in.o
                0x040022a4                __red_led_on
                0x040022a4                red_led_on
 .text.__dram_init_banksize
                0x040022a8       0x1c arch/arm/lib/built-in.o
                0x040022a8                __dram_init_banksize
                0x040022a8                dram_init_banksize
 .text.__power_init_board
                0x040022c4        0x8 arch/arm/lib/built-in.o
                0x040022c4                __power_init_board
                0x040022c4                power_init_board
 .text.board_init_f
                0x040022cc      0x114 arch/arm/lib/built-in.o
                0x040022cc                board_init_f
 .text.board_init_r
                0x040023e0       0xc4 arch/arm/lib/built-in.o
                0x040023e0                board_init_r
 .text.arch_fixup_memory_node
                0x040024a4        0x8 arch/arm/lib/built-in.o
                0x040024a4                arch_fixup_memory_node
 .text.boot_jump_linux
                0x040024ac       0xb8 arch/arm/lib/built-in.o
 .text.boot_prep_linux
                0x04002564       0x40 arch/arm/lib/built-in.o
 .text.arch_lmb_reserve
                0x040025a4       0x24 arch/arm/lib/built-in.o
                0x040025a4                arch_lmb_reserve
 .text.do_bootm_linux
                0x040025c8       0x5c arch/arm/lib/built-in.o
                0x040025c8                do_bootm_linux
 .text.bootz_setup
                0x04002624       0x60 arch/arm/lib/built-in.o
                0x04002624                bootz_setup
 .text.boot_prep_vxworks
                0x04002684       0x50 arch/arm/lib/built-in.o
                0x04002684                boot_prep_vxworks
 .text.boot_jump_vxworks
                0x040026d4        0xc arch/arm/lib/built-in.o
                0x040026d4                boot_jump_vxworks
 .text.cp_delay
                0x040026e0       0x30 arch/arm/lib/built-in.o
 .text.arm_init_domains
                0x04002710        0x4 arch/arm/lib/built-in.o
                0x04002710                arm_init_domains
 .text.set_section_dcache
                0x04002714       0x14 arch/arm/lib/built-in.o
                0x04002714                set_section_dcache
 .text.mmu_set_region_dcache_behaviour
                0x04002728       0x4c arch/arm/lib/built-in.o
                0x04002728                mmu_set_region_dcache_behaviour
 .text.dram_bank_mmu_setup
                0x04002774       0x40 arch/arm/lib/built-in.o
                0x04002774                dram_bank_mmu_setup
 .text.icache_enable
                0x040027b4       0x18 arch/arm/lib/built-in.o
                0x040027b4                icache_enable
 .text.icache_disable
                0x040027cc       0x1c arch/arm/lib/built-in.o
                0x040027cc                icache_disable
 .text.icache_status
                0x040027e8        0xc arch/arm/lib/built-in.o
                0x040027e8                icache_status
 .text.dcache_enable
                0x040027f4       0x70 arch/arm/lib/built-in.o
                0x040027f4                dcache_enable
 .text.dcache_disable
                0x04002864       0x2c arch/arm/lib/built-in.o
                0x04002864                dcache_disable
 .text.dcache_status
                0x04002890        0xc arch/arm/lib/built-in.o
                0x04002890                dcache_status
 .text.interrupt_init
                0x0400289c       0x1c arch/arm/lib/built-in.o
                0x0400289c                interrupt_init
 .text.enable_interrupts
                0x040028b8        0x4 arch/arm/lib/built-in.o
                0x040028b8                enable_interrupts
 .text.disable_interrupts
                0x040028bc        0x8 arch/arm/lib/built-in.o
                0x040028bc                disable_interrupts
 .text.bad_mode
                0x040028c4       0x10 arch/arm/lib/built-in.o
                0x040028c4                bad_mode
 .text.show_regs
                0x040028d4      0x13c arch/arm/lib/built-in.o
                0x040028d4                show_regs
 .text.do_undefined_instruction
                0x04002a10       0x20 arch/arm/lib/built-in.o
                0x04002a10                do_undefined_instruction
 .text.do_software_interrupt
                0x04002a30       0x20 arch/arm/lib/built-in.o
                0x04002a30                do_software_interrupt
 .text.do_prefetch_abort
                0x04002a50       0x20 arch/arm/lib/built-in.o
                0x04002a50                do_prefetch_abort
 .text.do_data_abort
                0x04002a70       0x20 arch/arm/lib/built-in.o
                0x04002a70                do_data_abort
 .text.do_not_used
                0x04002a90       0x20 arch/arm/lib/built-in.o
                0x04002a90                do_not_used
 .text.do_fiq   0x04002ab0       0x20 arch/arm/lib/built-in.o
                0x04002ab0                do_fiq
 .text.do_irq   0x04002ad0       0x20 arch/arm/lib/built-in.o
                0x04002ad0                do_irq
 .text.do_reset
                0x04002af0       0x2c arch/arm/lib/built-in.o
                0x04002af0                do_reset
 .text.board_init
                0x04002b1c       0xd4 board/xilinx/zynq/built-in.o
                0x04002b1c                board_init
 .text.board_late_init
                0x04002bf0       0x9c board/xilinx/zynq/built-in.o
                0x04002bf0                board_late_init
 .text.board_eth_init
                0x04002c8c       0x14 board/xilinx/zynq/built-in.o
                0x04002c8c                board_eth_init
 .text.board_mmc_init
                0x04002ca0        0xc board/xilinx/zynq/built-in.o
                0x04002ca0                board_mmc_init
 .text.dram_init
                0x04002cac       0x18 board/xilinx/zynq/built-in.o
                0x04002cac                dram_init
 .text.print_num
                0x04002cc4       0x18 common/built-in.o
 .text.do_bdinfo
                0x04002cdc      0x1b4 common/built-in.o
                0x04002cdc                do_bdinfo
 .text.do_go_exec
                0x04002e90       0x10 common/built-in.o
                0x04002e90                do_go_exec
 .text.do_go    0x04002ea0       0x6c common/built-in.o
 .text.do_bootm_standalone
                0x04002f0c       0x68 common/built-in.o
 .text.do_bootd
                0x04002f74       0x24 common/built-in.o
                0x04002f74                do_bootd
 .text.image_info
                0x04002f98      0x124 common/built-in.o
 .text.do_bootm_rtems
                0x040030bc       0x70 common/built-in.o
 .text.do_bootm_qnxelf
                0x0400312c       0x8c common/built-in.o
 .text.bootm_find_ramdisk.isra.16
                0x040031b8       0x44 common/built-in.o
 .text.bootm_find_fdt
                0x040031fc       0x5c common/built-in.o
 .text.do_iminfo
                0x04003258       0x60 common/built-in.o
 .text.do_bootm_plan9
                0x040032b8      0x100 common/built-in.o
 .text.__arch_preboot_os
                0x040033b8        0x4 common/built-in.o
                0x040033b8                arch_preboot_os
 .text.do_bootm_states.isra.20.constprop.24
                0x040033bc      0x97c common/built-in.o
 .text.do_bootm
                0x04003d38       0xec common/built-in.o
                0x04003d38                do_bootm
 .text.bootm_maybe_autostart
                0x04003e24       0x78 common/built-in.o
                0x04003e24                bootm_maybe_autostart
 .text.do_bootvx_fdt
                0x04003e9c      0x10c common/built-in.o
                0x04003e9c                do_bootvx_fdt
 .text.do_bootm_vxworks
                0x04003fa8       0x54 common/built-in.o
 .text.do_bootz
                0x04003ffc      0x100 common/built-in.o
                0x04003ffc                do_bootz
 .text.parse_argv
                0x040040fc       0x64 common/built-in.o
 .text.do_icache
                0x04004160       0x88 common/built-in.o
                0x04004160                do_icache
 .text.do_dcache
                0x040041e8       0x88 common/built-in.o
                0x040041e8                do_dcache
 .text.do_clk   0x04004270       0x68 common/built-in.o
 .text.do_clk_dump
                0x040042d8        0x4 common/built-in.o
 .text.do_coninfo
                0x040042dc       0xbc common/built-in.o
 .text.common_diskboot
                0x04004398      0x2bc common/built-in.o
                0x04004398                common_diskboot
 .text.do_echo  0x04004654       0xb0 common/built-in.o
 .text.load_elf_image_shdr
                0x04004704       0x8c common/built-in.o
 .text.do_bootelf_exec
                0x04004790       0x44 common/built-in.o
                0x04004790                do_bootelf_exec
 .text.valid_elf_image
                0x040047d4       0x4c common/built-in.o
                0x040047d4                valid_elf_image
 .text.do_bootelf
                0x04004820      0x158 common/built-in.o
                0x04004820                do_bootelf
 .text.do_bootvx
                0x04004978      0x288 common/built-in.o
                0x04004978                do_bootvx
 .text.do_exit  0x04004c00       0x30 common/built-in.o
 .text.do_ext2ls
                0x04004c30       0x18 common/built-in.o
                0x04004c30                do_ext2ls
 .text.do_ext2load
                0x04004c48       0x18 common/built-in.o
                0x04004c48                do_ext2load
 .text.do_ext4_load
                0x04004c60       0x18 common/built-in.o
                0x04004c60                do_ext4_load
 .text.do_ext4_ls
                0x04004c78       0x18 common/built-in.o
                0x04004c78                do_ext4_ls
 .text.do_ext4_write
                0x04004c90       0xf0 common/built-in.o
                0x04004c90                do_ext4_write
 .text.do_fat_fsload
                0x04004d80       0x18 common/built-in.o
                0x04004d80                do_fat_fsload
 .text.do_fat_ls
                0x04004d98       0x18 common/built-in.o
 .text.do_fat_fsinfo
                0x04004db0       0x90 common/built-in.o
 .text.do_fat_fswrite
                0x04004e40       0xfc common/built-in.o
 .text.fdt_valid
                0x04004f3c       0xbc common/built-in.o
 .text.is_printable_string
                0x04004ff8       0x98 common/built-in.o
 .text.print_data
                0x04005090      0x174 common/built-in.o
 .text.set_working_fdt_addr
                0x04005204       0x1c common/built-in.o
                0x04005204                set_working_fdt_addr
 .text.do_fdt   0x04005220      0xe70 common/built-in.o
 .text.do_fpga  0x04006090      0x420 common/built-in.o
                0x04006090                do_fpga
 .text.do_help  0x040064b0       0x48 common/built-in.o
 .text.get_alen
                0x040064f8       0x3c common/built-in.o
 .text.do_i2c_bus_num
                0x04006534       0xb8 common/built-in.o
                0x04006534                do_i2c_bus_num
 .text.do_i2c   0x040065ec       0x68 common/built-in.o
 .text.do_i2c_reset
                0x04006654       0x30 common/built-in.o
 .text.do_i2c_mw
                0x04006684       0xec common/built-in.o
 .text.do_i2c_read
                0x04006770       0xb0 common/built-in.o
 .text.do_i2c_probe
                0x04006820       0x9c common/built-in.o
 .text.do_i2c_md
                0x040068bc      0x1dc common/built-in.o
 .text.do_i2c_crc
                0x04006a98      0x118 common/built-in.o
 .text.do_i2c_show_bus
                0x04006bb0       0xd8 common/built-in.o
                0x04006bb0                do_i2c_show_bus
 .text.do_i2c_bus_speed
                0x04006c88       0x74 common/built-in.o
 .text.do_i2c_write
                0x04006cfc       0xf0 common/built-in.o
 .text.do_i2c_loop
                0x04006dec       0xe0 common/built-in.o
 .text.mod_i2c_mem.isra.4
                0x04006ecc      0x1f8 common/built-in.o
 .text.do_i2c_nm
                0x040070c4        0x8 common/built-in.o
 .text.do_i2c_mm
                0x040070cc        0x8 common/built-in.o
 .text.i2c_init_board
                0x040070d4        0x4 common/built-in.o
                0x040070d4                i2c_init_board
 .text.evalexp  0x040070d8       0x74 common/built-in.o
 .text.binary_test
                0x0400714c      0x1e0 common/built-in.o
 .text.do_itest
                0x0400732c       0x98 common/built-in.o
 .text.bin_data_init
                0x040073c4       0x2c common/built-in.o
 .text.k_data_save
                0x040073f0       0x4c common/built-in.o
 .text.k_data_restore
                0x0400743c       0x4c common/built-in.o
 .text.getcxmodem
                0x04007488       0x20 common/built-in.o
 .text.load_serial_ymodem
                0x040074a8       0xcc common/built-in.o
 .text.bin_data_char
                0x04007574       0x2c common/built-in.o
 .text.chk1.constprop.1
                0x040075a0       0x2c common/built-in.o
 .text.s1_sendpacket.constprop.2
                0x040075cc       0x50 common/built-in.o
 .text.load_serial
                0x0400761c      0x1e0 common/built-in.o
 .text.do_load_serial
                0x040077fc       0xdc common/built-in.o
 .text.do_load_serial_bin
                0x040078d8      0x7a4 common/built-in.o
 .text.extract_range
                0x0400807c       0xe4 common/built-in.o
 .text.do_mdio  0x04008160      0x4b4 common/built-in.o
 .text.do_mem_mw
                0x04008614       0xc0 common/built-in.o
 .text.do_mem_loop
                0x040086d4       0xec common/built-in.o
 .text.do_mem_md
                0x040087c0       0xec common/built-in.o
 .text.do_mem_cmp
                0x040088ac      0x15c common/built-in.o
 .text.do_mem_base
                0x04008a08       0x40 common/built-in.o
 .text.do_mem_cp
                0x04008a48       0xd8 common/built-in.o
 .text.do_mem_crc
                0x04008b20       0x48 common/built-in.o
 .text.mod_mem.isra.2
                0x04008b68      0x164 common/built-in.o
 .text.do_mem_mm
                0x04008ccc        0x8 common/built-in.o
 .text.do_mem_nm
                0x04008cd4        0x8 common/built-in.o
 .text.do_mii   0x04008cdc      0x7ac common/built-in.o
 .text.do_sleep
                0x04009488       0x70 common/built-in.o
 .text.do_mmcops
                0x040094f8      0x500 common/built-in.o
 .text.do_mmcinfo
                0x040099f8      0x180 common/built-in.o
 .text.netboot_common
                0x04009b78      0x2fc common/built-in.o
 .text.do_bootp
                0x04009e74        0xc common/built-in.o
 .text.do_tftpput
                0x04009e80        0xc common/built-in.o
                0x04009e80                do_tftpput
 .text.do_dhcp  0x04009e8c        0xc common/built-in.o
 .text.do_nfs   0x04009e98        0xc common/built-in.o
 .text.do_tftpb
                0x04009ea4       0x40 common/built-in.o
                0x04009ea4                do_tftpb
 .text.do_ping  0x04009ee4       0x7c common/built-in.o
 .text.do_env_delete
                0x04009f60       0x9c common/built-in.o
 .text.do_env_save
                0x04009ffc       0x2c common/built-in.o
 .text.do_env   0x0400a028       0x68 common/built-in.o
 .text.env_print
                0x0400a090       0xc0 common/built-in.o
 .text.do_env_print
                0x0400a150       0xc8 common/built-in.o
 .text.do_env_import
                0x0400a218      0x244 common/built-in.o
 .text.do_env_default
                0x0400a45c       0xa8 common/built-in.o
 .text._do_env_set.isra.0
                0x0400a504      0x1b8 common/built-in.o
 .text.do_env_set
                0x0400a6bc       0x1c common/built-in.o
 .text.get_env_id
                0x0400a6d8       0x10 common/built-in.o
                0x0400a6d8                get_env_id
 .text.setenv   0x0400a6e8       0x58 common/built-in.o
                0x0400a6e8                setenv
 .text.setenv_ulong
                0x0400a740       0x20 common/built-in.o
                0x0400a740                setenv_ulong
 .text.setenv_hex
                0x0400a760       0x34 common/built-in.o
                0x0400a760                setenv_hex
 .text.do_env_export
                0x0400a794      0x268 common/built-in.o
 .text.envmatch
                0x0400a9fc       0x6c common/built-in.o
                0x0400a9fc                envmatch
 .text.getenv_f
                0x0400aa68       0xc8 common/built-in.o
                0x0400aa68                getenv_f
 .text.getenv   0x0400ab30       0x78 common/built-in.o
                0x0400ab30                getenv
 .text.getenv_hex
                0x0400aba8       0x3c common/built-in.o
                0x0400aba8                getenv_hex
 .text.getenv_ulong
                0x0400abe4       0x30 common/built-in.o
                0x0400abe4                getenv_ulong
 .text.do_env_edit
                0x0400ac14       0x78 common/built-in.o
 .text.bytes_per_second
                0x0400ac8c       0x50 common/built-in.o
 .text.do_spi_flash
                0x0400acdc      0x744 common/built-in.o
 .text.source   0x0400b420      0x1c4 common/built-in.o
                0x0400b420                source
 .text.do_source
                0x0400b5e4       0x70 common/built-in.o
                0x0400b5e4                do_source
 .text.do_spi   0x0400b654      0x25c common/built-in.o
                0x0400b654                do_spi
 .text.do_spl   0x0400b8b0      0x1a0 common/built-in.o
 .text.do_false
                0x0400ba50        0x8 common/built-in.o
 .text.do_true  0x0400ba58        0x8 common/built-in.o
 .text.do_test  0x0400ba60      0x460 common/built-in.o
 .text.usb_get_class_desc
                0x0400bec0       0xbc common/built-in.o
 .text.usb_display_class_sub
                0x0400bf7c      0x170 common/built-in.o
 .text.usb_find_device
                0x0400c0ec       0x3c common/built-in.o
 .text.usb_show_tree_graph
                0x0400c128      0x218 common/built-in.o
 .text.usb_display_string
                0x0400c340       0x44 common/built-in.o
 .text.usb_display_config
                0x0400c384      0x20c common/built-in.o
 .text.do_usbboot
                0x0400c590        0xc common/built-in.o
 .text.usb_display_desc.part.1
                0x0400c59c      0x12c common/built-in.o
 .text.do_usb   0x0400c6c8      0x770 common/built-in.o
 .text.do_version
                0x0400ce38       0x38 common/built-in.o
 .text.do_imgextract
                0x0400ce70      0x3b0 common/built-in.o
 .text.find_cmd_tbl
                0x0400d220       0xa4 common/built-in.o
                0x0400d220                find_cmd_tbl
 .text.find_cmd
                0x0400d2c4       0x28 common/built-in.o
                0x0400d2c4                find_cmd
 .text.cmd_usage
                0x0400d2ec       0x5c common/built-in.o
                0x0400d2ec                cmd_usage
 .text._do_help
                0x0400d348      0x178 common/built-in.o
                0x0400d348                _do_help
 .text.var_complete
                0x0400d4c0       0x7c common/built-in.o
                0x0400d4c0                var_complete
 .text.cmd_auto_complete
                0x0400d53c      0x4b4 common/built-in.o
                0x0400d53c                cmd_auto_complete
 .text.cmd_get_data_size
                0x0400d9f0       0x5c common/built-in.o
                0x0400d9f0                cmd_get_data_size
 .text.cmd_process
                0x0400da4c       0xf4 common/built-in.o
                0x0400da4c                cmd_process
 .text.console_setfile
                0x0400db40       0xa4 common/built-in.o
 .text.fgetc    0x0400dbe4       0x24 common/built-in.o
                0x0400dbe4                fgetc
 .text.ftstc    0x0400dc08       0x24 common/built-in.o
                0x0400dc08                ftstc
 .text.getc     0x0400dc2c       0x24 common/built-in.o
                0x0400dc2c                getc
 .text.tstc     0x0400dc50       0x24 common/built-in.o
                0x0400dc50                tstc
 .text.putc     0x0400dc74       0x30 common/built-in.o
                0x0400dc74                putc
 .text.puts     0x0400dca4       0x30 common/built-in.o
                0x0400dca4                puts
 .text.printf   0x0400dcd4       0x58 common/built-in.o
                0x0400dcd4                printf
 .text.vprintf  0x0400dd2c       0x3c common/built-in.o
                0x0400dd2c                vprintf
 .text.ctrlc    0x0400dd68       0x58 common/built-in.o
                0x0400dd68                ctrlc
 .text.had_ctrlc
                0x0400ddc0       0x10 common/built-in.o
                0x0400ddc0                had_ctrlc
 .text.clear_ctrlc
                0x0400ddd0       0x14 common/built-in.o
                0x0400ddd0                clear_ctrlc
 .text.search_device
                0x0400dde4       0x28 common/built-in.o
                0x0400dde4                search_device
 .text.console_assign
                0x0400de0c       0x48 common/built-in.o
                0x0400de0c                console_assign
 .text.on_console
                0x0400de54       0xc0 common/built-in.o
 .text.console_init_f
                0x0400df14       0x10 common/built-in.o
                0x0400df14                console_init_f
 .text.stdio_print_current_devices
                0x0400df24       0xb0 common/built-in.o
                0x0400df24                stdio_print_current_devices
 .text.console_init_r
                0x0400dfd4       0xe0 common/built-in.o
                0x0400dfd4                console_init_r
 .text.sbrk     0x0400e0b4       0x70 common/built-in.o
                0x0400e0b4                sbrk
 .text.mem_malloc_init
                0x0400e124       0x34 common/built-in.o
                0x0400e124                mem_malloc_init
 .text.malloc_trim
                0x0400e158       0xcc common/built-in.o
                0x0400e158                malloc_trim
 .text.free     0x0400e224      0x234 common/built-in.o
                0x0400e224                free
 .text.malloc   0x0400e458      0x608 common/built-in.o
                0x0400e458                malloc
 .text.calloc   0x0400ea60       0xd4 common/built-in.o
                0x0400ea60                calloc
 .text.realloc  0x0400eb34      0x4c0 common/built-in.o
                0x0400eb34                realloc
 .text.memalign
                0x0400eff4      0x10c common/built-in.o
                0x0400eff4                memalign
 .text.env_attr_walk
                0x0400f100      0x114 common/built-in.o
                0x0400f100                env_attr_walk
 .text.env_attr_lookup
                0x0400f214      0x18c common/built-in.o
                0x0400f214                env_attr_lookup
 .text.clear_callback
                0x0400f3a0       0x10 common/built-in.o
 .text.find_env_callback
                0x0400f3b0       0x68 common/built-in.o
 .text.on_callbacks
                0x0400f418       0x48 common/built-in.o
 .text.set_callback
                0x0400f460       0x94 common/built-in.o
 .text.env_callback_init
                0x0400f4f4       0xc4 common/built-in.o
                0x0400f4f4                env_callback_init
 .text.__env_get_char_spec
                0x0400f5b8        0xc common/built-in.o
                0x0400f5b8                env_get_char_spec
 .text.env_get_addr
                0x0400f5c4       0x20 common/built-in.o
                0x0400f5c4                env_get_addr
 .text.env_get_char_memory
                0x0400f5e4       0x10 common/built-in.o
                0x0400f5e4                env_get_char_memory
 .text.env_get_char
                0x0400f5f4       0x30 common/built-in.o
                0x0400f5f4                env_get_char
 .text.getenv_yesno
                0x0400f624       0x40 common/built-in.o
                0x0400f624                getenv_yesno
 .text.getenv_default
                0x0400f664       0x30 common/built-in.o
                0x0400f664                getenv_default
 .text.set_default_env
                0x0400f694       0xbc common/built-in.o
                0x0400f694                set_default_env
 .text.set_default_vars
                0x0400f750       0x34 common/built-in.o
                0x0400f750                set_default_vars
 .text.env_import
                0x0400f784       0xe0 common/built-in.o
                0x0400f784                env_import
 .text.env_relocate
                0x0400f864       0x30 common/built-in.o
                0x0400f864                env_relocate
 .text.env_complete
                0x0400f894       0xdc common/built-in.o
                0x0400f894                env_complete
 .text.skip_num
                0x0400f970       0x70 common/built-in.o
 .text.clear_flags
                0x0400f9e0       0x10 common/built-in.o
 .text.on_flags
                0x0400f9f0       0x48 common/built-in.o
 .text.env_flags_parse_vartype
                0x0400fa38       0x50 common/built-in.o
                0x0400fa38                env_flags_parse_vartype
 .text.env_flags_parse_varaccess
                0x0400fa88       0x58 common/built-in.o
                0x0400fa88                env_flags_parse_varaccess
 .text.set_flags
                0x0400fae0       0xac common/built-in.o
 .text.env_flags_init
                0x0400fb8c       0xd8 common/built-in.o
                0x0400fb8c                env_flags_init
 .text.env_flags_validate
                0x0400fc64      0x31c common/built-in.o
                0x0400fc64                env_flags_validate
 .text.saveenv  0x0400ff80      0x154 common/built-in.o
                0x0400ff80                saveenv
 .text.env_relocate_spec
                0x040100d4       0xac common/built-in.o
                0x040100d4                env_relocate_spec
 .text.env_init
                0x04010180       0x1c common/built-in.o
                0x04010180                env_init
 .text.dummy    0x0401019c        0x4 common/built-in.o
 .text.get_version
                0x040101a0        0x8 common/built-in.o
                0x040101a0                get_version
 .text.jumptable_init
                0x040101a8      0x1d0 common/built-in.o
                0x040101a8                jumptable_init
 .text.write_cell
                0x04010378       0x50 common/built-in.o
 .text.get_cells_len
                0x040103c8       0x38 common/built-in.o
 .text.fdt_find_and_setprop
                0x04010400       0x70 common/built-in.o
                0x04010400                fdt_find_and_setprop
 .text.fdt_initrd
                0x04010470      0x1e8 common/built-in.o
                0x04010470                fdt_initrd
 .text.fdt_chosen
                0x04010658      0x10c common/built-in.o
                0x04010658                fdt_chosen
 .text.do_fixup_by_path
                0x04010764       0x54 common/built-in.o
                0x04010764                do_fixup_by_path
 .text.fdt_fixup_memory_banks
                0x040107b8      0x1c8 common/built-in.o
                0x040107b8                fdt_fixup_memory_banks
 .text.fdt_fixup_memory
                0x04010980       0x20 common/built-in.o
                0x04010980                fdt_fixup_memory
 .text.fdt_fixup_ethernet
                0x040109a0      0x12c common/built-in.o
                0x040109a0                fdt_fixup_ethernet
 .text.fdt_resize
                0x04010acc       0xcc common/built-in.o
                0x04010acc                fdt_resize
 .text.hash_command
                0x04010b98       0xa0 common/built-in.o
                0x04010b98                hash_command
 .text.b_reset  0x04010c38       0x1c common/built-in.o
 .text.static_get
                0x04010c54       0x1c common/built-in.o
 .text.static_peek
                0x04010c70        0xc common/built-in.o
 .text.file_peek
                0x04010c7c        0xc common/built-in.o
 .text.mapset   0x04010c88       0x20 common/built-in.o
 .text.syntax_err
                0x04010ca8        0xc common/built-in.o
 .text.free_pipe_list
                0x04010cb4       0xe8 common/built-in.o
 .text.xmalloc  0x04010d9c       0x20 common/built-in.o
 .text.new_pipe
                0x04010dbc       0x28 common/built-in.o
 .text.xrealloc
                0x04010de4       0x20 common/built-in.o
 .text.done_command
                0x04010e04       0x84 common/built-in.o
 .text.done_pipe
                0x04010e88       0x4c common/built-in.o
 .text.done_word
                0x04010ed4      0x2a8 common/built-in.o
 .text.do_showvar
                0x0401117c       0xfc common/built-in.o
 .text.is_assignment
                0x04011278       0x5c common/built-in.o
 .text.file_get
                0x040112d4      0x1ec common/built-in.o
 .text.b_addchr
                0x040114c0       0x78 common/built-in.o
 .text.b_addqchr
                0x04011538       0x50 common/built-in.o
 .text.get_local_var
                0x04011588       0xa0 common/built-in.o
                0x04011588                get_local_var
 .text.set_local_var
                0x04011628      0x1ac common/built-in.o
                0x04011628                set_local_var
 .text.insert_var_value_sub
                0x040117d4      0x2c0 common/built-in.o
 .text.parse_string_outer
                0x04011a94       0xe4 common/built-in.o
                0x04011a94                parse_string_outer
 .text.run_list_real
                0x04011b78      0x784 common/built-in.o
 .text.parse_stream_outer
                0x040122fc      0x6ac common/built-in.o
 .text.parse_file_outer
                0x040129a8       0x44 common/built-in.o
                0x040129a8                parse_file_outer
 .text.u_boot_hush_start
                0x040129ec       0x54 common/built-in.o
                0x040129ec                u_boot_hush_start
 .text.fdt_error
                0x04012a40       0x2c common/built-in.o
 .text.boot_fdt_add_mem_rsv_regions
                0x04012a6c       0x88 common/built-in.o
                0x04012a6c                boot_fdt_add_mem_rsv_regions
 .text.boot_relocate_fdt
                0x04012af4      0x194 common/built-in.o
                0x04012af4                boot_relocate_fdt
 .text.boot_get_fdt
                0x04012c88      0x398 common/built-in.o
                0x04012c88                boot_get_fdt
 .text.ft_verify_fdt
                0x04013020        0x8 common/built-in.o
                0x04013020                ft_verify_fdt
 .text.image_setup_libfdt
                0x04013028       0xd8 common/built-in.o
                0x04013028                image_setup_libfdt
 .text.fit_parse_conf
                0x04013100       0x64 common/built-in.o
                0x04013100                fit_parse_conf
 .text.fit_parse_subimage
                0x04013164       0x64 common/built-in.o
                0x04013164                fit_parse_subimage
 .text.fit_get_desc
                0x040131c8       0x30 common/built-in.o
                0x040131c8                fit_get_desc
 .text.fit_image_get_node
                0x040131f8       0x30 common/built-in.o
                0x040131f8                fit_image_get_node
 .text.fit_image_get_os
                0x04013228       0x3c common/built-in.o
                0x04013228                fit_image_get_os
 .text.fit_image_get_arch
                0x04013264       0x3c common/built-in.o
                0x04013264                fit_image_get_arch
 .text.fit_image_get_type
                0x040132a0       0x3c common/built-in.o
                0x040132a0                fit_image_get_type
 .text.fit_image_get_comp
                0x040132dc       0x3c common/built-in.o
                0x040132dc                fit_image_get_comp
 .text.fit_image_get_load
                0x04013318       0x38 common/built-in.o
                0x04013318                fit_image_get_load
 .text.fit_image_get_entry
                0x04013350       0x38 common/built-in.o
                0x04013350                fit_image_get_entry
 .text.fit_image_get_data
                0x04013388       0x40 common/built-in.o
                0x04013388                fit_image_get_data
 .text.fit_image_hash_get_algo
                0x040133c8       0x30 common/built-in.o
                0x040133c8                fit_image_hash_get_algo
 .text.fit_image_hash_get_value
                0x040133f8       0x40 common/built-in.o
                0x040133f8                fit_image_hash_get_value
 .text.fit_image_print_data
                0x04013438      0x140 common/built-in.o
 .text.fit_image_print
                0x04013578      0x334 common/built-in.o
                0x04013578                fit_image_print
 .text.calculate_hash
                0x040138ac       0xc8 common/built-in.o
                0x040138ac                calculate_hash
 .text.fit_image_verify
                0x04013974      0x218 common/built-in.o
                0x04013974                fit_image_verify
 .text.fit_all_image_verify
                0x04013b8c       0xe4 common/built-in.o
                0x04013b8c                fit_all_image_verify
 .text.fit_image_check_os
                0x04013c70       0x30 common/built-in.o
                0x04013c70                fit_image_check_os
 .text.fit_image_check_arch
                0x04013ca0       0x30 common/built-in.o
                0x04013ca0                fit_image_check_arch
 .text.fit_image_check_type
                0x04013cd0       0x30 common/built-in.o
                0x04013cd0                fit_image_check_type
 .text.fit_image_check_comp
                0x04013d00       0x30 common/built-in.o
                0x04013d00                fit_image_check_comp
 .text.fit_check_format
                0x04013d30       0x40 common/built-in.o
                0x04013d30                fit_check_format
 .text.fit_conf_get_node
                0x04013d70       0x68 common/built-in.o
                0x04013d70                fit_conf_get_node
 .text.fit_conf_get_prop_node
                0x04013dd8       0x2c common/built-in.o
                0x04013dd8                fit_conf_get_prop_node
 .text.fit_conf_print
                0x04013e04      0x108 common/built-in.o
                0x04013e04                fit_conf_print
 .text.fit_print_contents
                0x04013f0c      0x1dc common/built-in.o
                0x04013f0c                fit_print_contents
 .text.fit_image_select
                0x040140e8       0x6c common/built-in.o
                0x040140e8                fit_image_select
 .text.fit_get_node_from_config
                0x04014154       0x44 common/built-in.o
                0x04014154                fit_get_node_from_config
 .text.fit_image_load
                0x04014198      0x480 common/built-in.o
                0x04014198                fit_image_load
 .text.on_loadaddr
                0x04014618       0x38 common/built-in.o
 .text.image_check_hcrc
                0x04014650       0x4c common/built-in.o
                0x04014650                image_check_hcrc
 .text.image_check_dcrc
                0x0401469c       0x38 common/built-in.o
                0x0401469c                image_check_dcrc
 .text.image_multi_count
                0x040146d4       0x1c common/built-in.o
                0x040146d4                image_multi_count
 .text.image_multi_getimg
                0x040146f0       0x7c common/built-in.o
                0x040146f0                image_multi_getimg
 .text.getenv_bootm_low
                0x0401476c       0x28 common/built-in.o
                0x0401476c                getenv_bootm_low
 .text.getenv_bootm_size
                0x04014794       0x5c common/built-in.o
                0x04014794                getenv_bootm_size
 .text.getenv_bootm_mapsize
                0x040147f0       0x30 common/built-in.o
                0x040147f0                getenv_bootm_mapsize
 .text.memmove_wd
                0x04014820        0xc common/built-in.o
                0x04014820                memmove_wd
 .text.genimg_print_size
                0x0401482c       0x30 common/built-in.o
                0x0401482c                genimg_print_size
 .text.get_table_entry_name
                0x0401485c       0x2c common/built-in.o
                0x0401485c                get_table_entry_name
 .text.genimg_get_os_name
                0x04014888       0x18 common/built-in.o
                0x04014888                genimg_get_os_name
 .text.genimg_get_arch_name
                0x040148a0       0x18 common/built-in.o
                0x040148a0                genimg_get_arch_name
 .text.genimg_get_type_name
                0x040148b8       0x18 common/built-in.o
                0x040148b8                genimg_get_type_name
 .text.genimg_get_comp_name
                0x040148d0       0x18 common/built-in.o
                0x040148d0                genimg_get_comp_name
 .text.image_print_contents
                0x040148e8      0x174 common/built-in.o
                0x040148e8                image_print_contents
 .text.get_table_entry_id
                0x04014a5c       0x4c common/built-in.o
                0x04014a5c                get_table_entry_id
 .text.genimg_get_os_id
                0x04014aa8       0x18 common/built-in.o
                0x04014aa8                genimg_get_os_id
 .text.genimg_get_arch_id
                0x04014ac0       0x18 common/built-in.o
                0x04014ac0                genimg_get_arch_id
 .text.genimg_get_type_id
                0x04014ad8       0x18 common/built-in.o
                0x04014ad8                genimg_get_type_id
 .text.genimg_get_comp_id
                0x04014af0       0x18 common/built-in.o
                0x04014af0                genimg_get_comp_id
 .text.genimg_get_format
                0x04014b08       0x34 common/built-in.o
                0x04014b08                genimg_get_format
 .text.genimg_get_image
                0x04014b3c        0x4 common/built-in.o
                0x04014b3c                genimg_get_image
 .text.genimg_has_config
                0x04014b40       0x10 common/built-in.o
                0x04014b40                genimg_has_config
 .text.boot_get_ramdisk
                0x04014b50      0x344 common/built-in.o
                0x04014b50                boot_get_ramdisk
 .text.boot_ramdisk_high
                0x04014e94      0x130 common/built-in.o
                0x04014e94                boot_ramdisk_high
 .text.image_setup_linux
                0x04014fc4       0x8c common/built-in.o
                0x04014fc4                image_setup_linux
 .text.delete_char.part.0
                0x04015050       0xd4 common/built-in.o
 .text.cread_add_char
                0x04015124       0xec common/built-in.o
 .text.__show_boot_progress
                0x04015210        0x4 common/built-in.o
                0x04015210                __show_boot_progress
                0x04015210                show_boot_progress
 .text.readline_into_buffer
                0x04015214      0x9c4 common/built-in.o
                0x04015214                readline_into_buffer
 .text.readline
                0x04015bd8       0x14 common/built-in.o
                0x04015bd8                readline
 .text.run_command
                0x04015bec        0x8 common/built-in.o
                0x04015bec                run_command
 .text.run_command_list
                0x04015bf4       0x5c common/built-in.o
                0x04015bf4                run_command_list
 .text.main_loop
                0x04015c50      0x108 common/built-in.o
                0x04015c50                main_loop
 .text.do_run   0x04015d58       0x74 common/built-in.o
                0x04015d58                do_run
 .text.legacy_miiphy_read
                0x04015dcc       0x34 common/built-in.o
 .text.legacy_miiphy_write
                0x04015e00       0x28 common/built-in.o
 .text.miiphy_get_dev_by_name
                0x04015e28       0x60 common/built-in.o
                0x04015e28                miiphy_get_dev_by_name
 .text.miiphy_init
                0x04015e88       0x24 common/built-in.o
                0x04015e88                miiphy_init
 .text.mdio_alloc
                0x04015eac       0x30 common/built-in.o
                0x04015eac                mdio_alloc
 .text.miiphy_register
                0x04015edc      0x108 common/built-in.o
                0x04015edc                miiphy_register
 .text.mdio_list_devices
                0x04015fe4       0x98 common/built-in.o
                0x04015fe4                mdio_list_devices
 .text.miiphy_set_current_dev
                0x0401607c       0x40 common/built-in.o
                0x0401607c                miiphy_set_current_dev
 .text.miiphy_get_active_dev
                0x040160bc       0x54 common/built-in.o
 .text.mdio_get_current_dev
                0x04016110       0x10 common/built-in.o
                0x04016110                mdio_get_current_dev
 .text.mdio_phydev_for_ethname
                0x04016120       0x88 common/built-in.o
                0x04016120                mdio_phydev_for_ethname
 .text.miiphy_get_current_dev
                0x040161a8       0x18 common/built-in.o
                0x040161a8                miiphy_get_current_dev
 .text.miiphy_read
                0x040161c0       0x4c common/built-in.o
                0x040161c0                miiphy_read
 .text.miiphy_write
                0x0401620c       0x40 common/built-in.o
                0x0401620c                miiphy_write
 .text.miiphy_listdev
                0x0401624c       0x74 common/built-in.o
                0x0401624c                miiphy_listdev
 .text.miiphy_info
                0x040162c0       0x88 common/built-in.o
                0x040162c0                miiphy_info
 .text.miiphy_speed
                0x04016348       0x94 common/built-in.o
                0x04016348                miiphy_speed
 .text.miiphy_duplex
                0x040163dc       0x94 common/built-in.o
                0x040163dc                miiphy_duplex
 .text.miiphy_is_1000base_x
                0x04016470        0x8 common/built-in.o
                0x04016470                miiphy_is_1000base_x
 .text.hex1_bin
                0x04016478       0x40 common/built-in.o
 .text.hex2_bin
                0x040164b8       0x38 common/built-in.o
 .text.srec_decode
                0x040164f0      0x254 common/built-in.o
                0x040164f0                srec_decode
 .text.stdio_get_list
                0x04016744        0xc common/built-in.o
                0x04016744                stdio_get_list
 .text.stdio_get_by_name
                0x04016750       0x5c common/built-in.o
                0x04016750                stdio_get_by_name
 .text.stdio_clone
                0x040167ac       0x38 common/built-in.o
                0x040167ac                stdio_clone
 .text.stdio_register
                0x040167e4       0x3c common/built-in.o
                0x040167e4                stdio_register
 .text.stdio_init
                0x04016820       0x90 common/built-in.o
                0x04016820                stdio_init
 .text.usb_set_maxpacket_ep
                0x040168b0       0x70 common/built-in.o
 .text.usb_stop
                0x04016920       0x80 common/built-in.o
                0x04016920                usb_stop
 .text.usb_disable_asynch
                0x040169a0       0x20 common/built-in.o
                0x040169a0                usb_disable_asynch
 .text.usb_control_msg
                0x040169c0       0xc4 common/built-in.o
                0x040169c0                usb_control_msg
 .text.usb_get_descriptor
                0x04016a84       0x50 common/built-in.o
 .text.usb_get_string
                0x04016ad4       0x6c common/built-in.o
 .text.usb_string_sub
                0x04016b40      0x108 common/built-in.o
 .text.usb_bulk_msg
                0x04016c48       0x78 common/built-in.o
                0x04016c48                usb_bulk_msg
 .text.usb_maxpacket
                0x04016cc0       0x1c common/built-in.o
                0x04016cc0                usb_maxpacket
 .text.usb_clear_halt
                0x04016cdc       0x8c common/built-in.o
                0x04016cdc                usb_clear_halt
 .text.usb_get_configuration_no
                0x04016d68       0xbc common/built-in.o
                0x04016d68                usb_get_configuration_no
 .text.usb_set_interface
                0x04016e24       0xb0 common/built-in.o
                0x04016e24                usb_set_interface
 .text.usb_string
                0x04016ed4      0x100 common/built-in.o
                0x04016ed4                usb_string
 .text.usb_get_dev_index
                0x04016fd4       0x24 common/built-in.o
                0x04016fd4                usb_get_dev_index
 .text.usb_alloc_new_device
                0x04016ff8       0xac common/built-in.o
                0x04016ff8                usb_alloc_new_device
 .text.usb_free_device
                0x040170a4       0x48 common/built-in.o
                0x040170a4                usb_free_device
 .text.usb_alloc_device
                0x040170ec        0x8 common/built-in.o
                0x040170ec                usb_alloc_device
 .text.usb_new_device
                0x040170f4      0x624 common/built-in.o
                0x040170f4                usb_new_device
 .text.usb_init
                0x04017718      0x12c common/built-in.o
                0x04017718                usb_init
 .text.usb_set_port_feature
                0x04017844       0x4c common/built-in.o
 .text.usb_get_port_status
                0x04017890       0x4c common/built-in.o
 .text.usb_clear_port_feature
                0x040178dc       0x4c common/built-in.o
 .text.usb_hub_power_on
                0x04017928       0xb4 common/built-in.o
 .text.usb_get_hub_descriptor
                0x040179dc       0x50 common/built-in.o
 .text.usb_hub_reset_devices
                0x04017a2c        0x4 common/built-in.o
                0x04017a2c                usb_hub_reset_devices
 .text.usb_hub_reset
                0x04017a30       0x14 common/built-in.o
                0x04017a30                usb_hub_reset
 .text.hub_port_reset
                0x04017a44       0xac common/built-in.o
                0x04017a44                hub_port_reset
 .text.usb_hub_port_connect_change
                0x04017af0      0x124 common/built-in.o
                0x04017af0                usb_hub_port_connect_change
 .text.usb_hub_configure
                0x04017c14      0x2d8 common/built-in.o
 .text.usb_hub_probe
                0x04017eec       0x64 common/built-in.o
                0x04017eec                usb_hub_probe
 .text.usb_stor_irq
                0x04017f50       0x1c common/built-in.o
 .text.usb_stor_BBB_reset
                0x04017f6c       0xd0 common/built-in.o
 .text.usb_stor_CB_reset
                0x0401803c       0xcc common/built-in.o
 .text.usb_stor_BBB_clear_endpt_stall.isra.2
                0x04018108       0x40 common/built-in.o
 .text.usb_stor_BBB_transport
                0x04018148      0x260 common/built-in.o
 .text.usb_stor_CB_comdat
                0x040183a8      0x218 common/built-in.o
 .text.usb_stor_CBI_get_status.isra.4
                0x040185c0       0xcc common/built-in.o
 .text.usb_stor_CB_transport
                0x0401868c      0x228 common/built-in.o
 .text.usb_request_sense.constprop.10
                0x040188b4       0x70 common/built-in.o
 .text.usb_stor_write
                0x04018924      0x1c8 common/built-in.o
                0x04018924                usb_stor_write
 .text.usb_stor_read
                0x04018aec      0x1c8 common/built-in.o
                0x04018aec                usb_stor_read
 .text.usb_stor_get_dev
                0x04018cb4       0x28 common/built-in.o
                0x04018cb4                usb_stor_get_dev
 .text.usb_stor_info
                0x04018cdc       0x74 common/built-in.o
                0x04018cdc                usb_stor_info
 .text.usb_storage_probe
                0x04018d50      0x210 common/built-in.o
                0x04018d50                usb_storage_probe
 .text.usb_stor_get_info
                0x04018f60      0x324 common/built-in.o
                0x04018f60                usb_stor_get_info
 .text.usb_stor_scan
                0x04019284      0x1fc common/built-in.o
                0x04019284                usb_stor_scan
 .text.CYGACC_COMM_IF_GETC_TIMEOUT.isra.0
                0x04019480       0x5c common/built-in.o
 .text.xyzModem_flush
                0x040194dc       0x1c common/built-in.o
 .text.xyzModem_get_hdr
                0x040194f8      0x230 common/built-in.o
 .text.xyzModem_stream_open
                0x04019728      0x23c common/built-in.o
                0x04019728                xyzModem_stream_open
 .text.xyzModem_stream_read
                0x04019964      0x258 common/built-in.o
                0x04019964                xyzModem_stream_read
 .text.xyzModem_stream_close
                0x04019bbc       0x54 common/built-in.o
                0x04019bbc                xyzModem_stream_close
 .text.xyzModem_stream_terminate
                0x04019c10       0x94 common/built-in.o
                0x04019c10                xyzModem_stream_terminate
 .text.xyzModem_error
                0x04019ca4       0x20 common/built-in.o
                0x04019ca4                xyzModem_error
 .text.get_dev  0x04019cc4       0x70 disk/built-in.o
                0x04019cc4                get_dev
 .text.dev_print
                0x04019d34      0x204 disk/built-in.o
                0x04019d34                dev_print
 .text.init_part
                0x04019f38       0x20 disk/built-in.o
                0x04019f38                init_part
 .text.print_part
                0x04019f58       0xf4 disk/built-in.o
                0x04019f58                print_part
 .text.get_partition_info
                0x0401a04c       0x2c disk/built-in.o
                0x0401a04c                get_partition_info
 .text.get_device
                0x0401a078       0x84 disk/built-in.o
                0x0401a078                get_device
 .text.get_device_and_partition
                0x0401a0fc      0x44c disk/built-in.o
                0x0401a0fc                get_device_and_partition
 .text.test_block_type
                0x0401a548       0x84 disk/built-in.o
 .text.print_partition_extended
                0x0401a5cc      0x274 disk/built-in.o
 .text.get_partition_info_extended.constprop.2
                0x0401a840      0x2a8 disk/built-in.o
 .text.test_part_dos
                0x0401aae8       0x64 disk/built-in.o
                0x0401aae8                test_part_dos
 .text.print_part_dos
                0x0401ab4c       0x34 disk/built-in.o
                0x0401ab4c                print_part_dos
 .text.get_partition_info_dos
                0x0401ab80       0x20 disk/built-in.o
                0x0401ab80                get_partition_info_dos
 .text.fpga_no_sup
                0x0401aba0       0x4c drivers/built-in.o
 .text.fpga_get_desc
                0x0401abec       0x34 drivers/built-in.o
                0x0401abec                fpga_get_desc
 .text.fpga_dev_info
                0x0401ac20       0x94 drivers/built-in.o
 .text.fpga_validate
                0x0401acb4       0x54 drivers/built-in.o
                0x0401acb4                fpga_validate
 .text.fpga_init
                0x0401ad08       0x20 drivers/built-in.o
                0x0401ad08                fpga_init
 .text.fpga_count
                0x0401ad28       0x10 drivers/built-in.o
                0x0401ad28                fpga_count
 .text.fpga_add
                0x0401ad38       0xa0 drivers/built-in.o
                0x0401ad38                fpga_add
 .text.fpga_loadbitstream
                0x0401add8      0x274 drivers/built-in.o
                0x0401adf0                fpga_loadbitstream
 .text.fpga_fsload
                0x0401b04c       0x60 drivers/built-in.o
                0x0401b04c                fpga_fsload
 .text.fpga_load
                0x0401b0ac       0x94 drivers/built-in.o
                0x0401b0ac                fpga_load
 .text.fpga_dump
                0x0401b140       0x8c drivers/built-in.o
                0x0401b140                fpga_dump
 .text.fpga_info
                0x0401b1cc       0x74 drivers/built-in.o
                0x0401b1cc                fpga_info
 .text.xilinx_validate
                0x0401b240       0x7c drivers/built-in.o
 .text.xilinx_fsload
                0x0401b2bc       0x78 drivers/built-in.o
                0x0401b2bc                xilinx_fsload
 .text.xilinx_load
                0x0401b334       0xb4 drivers/built-in.o
                0x0401b334                xilinx_load
 .text.xilinx_dump
                0x0401b3e8       0xac drivers/built-in.o
                0x0401b3e8                xilinx_dump
 .text.xilinx_info
                0x0401b494      0x20c drivers/built-in.o
                0x0401b494                xilinx_info
 .text.zynq_dma_transfer.constprop.4
                0x0401b6a0       0x98 drivers/built-in.o
 .text.load_word
                0x0401b738       0x48 drivers/built-in.o
 .text.zynq_align_dma_buffer
                0x0401b780       0xc4 drivers/built-in.o
 .text.zynq_validate_bitstream.isra.3
                0x0401b844      0x250 drivers/built-in.o
 .text.zynq_info
                0x0401ba94        0x8 drivers/built-in.o
                0x0401ba94                zynq_info
 .text.zynq_fsload
                0x0401ba9c      0x194 drivers/built-in.o
                0x0401ba9c                zynq_fsload
 .text.zynq_load
                0x0401bc30       0xd4 drivers/built-in.o
                0x0401bc30                zynq_load
 .text.zynq_dump
                0x0401bd04        0x8 drivers/built-in.o
                0x0401bd04                zynq_dump
 .text.i2c_get_adapter
                0x0401bd0c       0x64 drivers/i2c/built-in.o
                0x0401bd0c                i2c_get_adapter
 .text.i2c_init_bus
                0x0401bd70       0x90 drivers/i2c/built-in.o
 .text.i2c_get_bus_num
                0x0401be00        0x8 drivers/i2c/built-in.o
                0x0401be00                i2c_get_bus_num
 .text.i2c_set_bus_num
                0x0401be08       0xbc drivers/i2c/built-in.o
                0x0401be08                i2c_set_bus_num
 .text.i2c_init_all
                0x0401bec4       0x14 drivers/i2c/built-in.o
                0x0401bec4                i2c_init_all
 .text.i2c_probe
                0x0401bed8       0x2c drivers/i2c/built-in.o
                0x0401bed8                i2c_probe
 .text.i2c_read
                0x0401bf04       0x4c drivers/i2c/built-in.o
                0x0401bf04                i2c_read
 .text.i2c_write
                0x0401bf50       0x4c drivers/i2c/built-in.o
                0x0401bf50                i2c_write
 .text.i2c_set_bus_speed
                0x0401bf9c       0x64 drivers/i2c/built-in.o
                0x0401bf9c                i2c_set_bus_speed
 .text.i2c_get_bus_speed
                0x0401c000       0x14 drivers/i2c/built-in.o
                0x0401c000                i2c_get_bus_speed
 .text.__i2c_init
                0x0401c014       0x14 drivers/i2c/built-in.o
                0x0401c014                __i2c_init
                0x0401c014                i2c_init
 .text.zynq_i2c_init
                0x0401c028       0x34 drivers/i2c/built-in.o
 .text.zynq_i2c_set_bus_speed
                0x0401c05c       0x18 drivers/i2c/built-in.o
 .text.zynq_i2c_wait
                0x0401c074       0x34 drivers/i2c/built-in.o
 .text.zynq_i2c_write
                0x0401c0a8      0x104 drivers/i2c/built-in.o
 .text.zynq_i2c_read
                0x0401c1ac      0x130 drivers/i2c/built-in.o
 .text.zynq_i2c_probe
                0x0401c2dc       0x68 drivers/i2c/built-in.o
 .text.mmc_set_ios
                0x0401c344        0x8 drivers/mmc/built-in.o
 .text.mmc_set_capacity
                0x0401c34c       0xac drivers/mmc/built-in.o
 .text.board_mmc_getwp
                0x0401c3f8        0x8 drivers/mmc/built-in.o
                0x0401c3f8                board_mmc_getwp
 .text.mmc_getwp
                0x0401c400       0x34 drivers/mmc/built-in.o
                0x0401c400                mmc_getwp
 .text.__board_mmc_getcd
                0x0401c434        0x8 drivers/mmc/built-in.o
                0x0401c434                __board_mmc_getcd
                0x0401c434                board_mmc_getcd
 .text.mmc_send_cmd
                0x0401c43c        0x8 drivers/mmc/built-in.o
                0x0401c43c                mmc_send_cmd
 .text.mmc_go_idle
                0x0401c444       0x4c drivers/mmc/built-in.o
 .text.mmc_send_op_cond_iter
                0x0401c490       0x7c drivers/mmc/built-in.o
 .text.mmc_send_ext_csd
                0x0401c50c       0x4c drivers/mmc/built-in.o
 .text.mmc_send_status
                0x0401c558       0xc4 drivers/mmc/built-in.o
                0x0401c558                mmc_send_status
 .text.mmc_switch.isra.1
                0x0401c61c       0x54 drivers/mmc/built-in.o
 .text.mmc_set_blocklen
                0x0401c670       0x30 drivers/mmc/built-in.o
                0x0401c670                mmc_set_blocklen
 .text.find_mmc_device
                0x0401c6a0       0x4c drivers/mmc/built-in.o
                0x0401c6a0                find_mmc_device
 .text.mmc_bread
                0x0401c6ec      0x144 drivers/mmc/built-in.o
 .text.mmc_send_op_cond
                0x0401c830       0x74 drivers/mmc/built-in.o
                0x0401c830                mmc_send_op_cond
 .text.mmc_complete_op_cond
                0x0401c8a4       0x88 drivers/mmc/built-in.o
                0x0401c8a4                mmc_complete_op_cond
 .text.mmc_switch_part
                0x0401c92c       0x4c drivers/mmc/built-in.o
                0x0401c92c                mmc_switch_part
 .text.mmc_getcd
                0x0401c978       0x34 drivers/mmc/built-in.o
                0x0401c978                mmc_getcd
 .text.mmc_set_clock
                0x0401c9ac       0x20 drivers/mmc/built-in.o
                0x0401c9ac                mmc_set_clock
 .text.mmc_startup
                0x0401c9cc      0xabc drivers/mmc/built-in.o
 .text.mmc_register
                0x0401d488       0x98 drivers/mmc/built-in.o
                0x0401d488                mmc_register
 .text.mmc_start_init
                0x0401d520      0x204 drivers/mmc/built-in.o
                0x0401d520                mmc_start_init
 .text.mmc_init
                0x0401d724       0x90 drivers/mmc/built-in.o
                0x0401d724                mmc_init
 .text.mmc_get_dev
                0x0401d7b4       0x2c drivers/mmc/built-in.o
                0x0401d7b4                mmc_get_dev
 .text.mmc_set_dsr
                0x0401d7e0        0xc drivers/mmc/built-in.o
                0x0401d7e0                mmc_set_dsr
 .text.__def_mmc_init
                0x0401d7ec        0x8 drivers/mmc/built-in.o
                0x0401d7ec                cpu_mmc_init
 .text.print_mmc_devices
                0x0401d7f4       0x68 drivers/mmc/built-in.o
                0x0401d7f4                print_mmc_devices
 .text.get_mmc_num
                0x0401d85c       0x10 drivers/mmc/built-in.o
                0x0401d85c                get_mmc_num
 .text.mmc_initialize
                0x0401d86c       0x74 drivers/mmc/built-in.o
                0x0401d86c                mmc_initialize
 .text.mmc_berase
                0x0401d8e0      0x19c drivers/mmc/built-in.o
                0x0401d8e0                mmc_berase
 .text.mmc_bwrite
                0x0401da7c      0x164 drivers/mmc/built-in.o
                0x0401da7c                mmc_bwrite
 .text.sdhci_set_ios
                0x0401dbe0      0x1d0 drivers/mmc/built-in.o
                0x0401dbe0                sdhci_set_ios
 .text.sdhci_init
                0x0401ddb0      0x198 drivers/mmc/built-in.o
                0x0401ddb0                sdhci_init
 .text.sdhci_reset
                0x0401df48       0x60 drivers/mmc/built-in.o
 .text.sdhci_send_command
                0x0401dfa8      0x3dc drivers/mmc/built-in.o
                0x0401dfa8                sdhci_send_command
 .text.add_sdhci
                0x0401e384      0x19c drivers/mmc/built-in.o
                0x0401e384                add_sdhci
 .text.zynq_sdhci_init
                0x0401e520       0x70 drivers/mmc/built-in.o
                0x0401e520                zynq_sdhci_init
 .text.spi_flash_read_write
                0x0401e590       0x84 drivers/mtd/spi/built-in.o
 .text.spi_flash_cmd_read
                0x0401e614       0x20 drivers/mtd/spi/built-in.o
                0x0401e614                spi_flash_cmd_read
 .text.spi_flash_cmd
                0x0401e634       0x2c drivers/mtd/spi/built-in.o
                0x0401e634                spi_flash_cmd
 .text.spi_flash_cmd_write
                0x0401e660       0x20 drivers/mtd/spi/built-in.o
                0x0401e660                spi_flash_cmd_write
 .text.spi_flash_dual_flash
                0x0401e680       0x5c drivers/mtd/spi/built-in.o
 .text.spi_flash_cmd_wait_ready
                0x0401e6dc       0xe8 drivers/mtd/spi/built-in.o
                0x0401e6dc                spi_flash_cmd_wait_ready
 .text.spi_flash_write_common
                0x0401e7c4       0x9c drivers/mtd/spi/built-in.o
                0x0401e7c4                spi_flash_write_common
 .text.spi_flash_bank
                0x0401e860       0x90 drivers/mtd/spi/built-in.o
 .text.spi_flash_cmd_erase_ops
                0x0401e8f0       0xe0 drivers/mtd/spi/built-in.o
                0x0401e8f0                spi_flash_cmd_erase_ops
 .text.spi_flash_cmd_write_ops
                0x0401e9d0       0xec drivers/mtd/spi/built-in.o
                0x0401e9d0                spi_flash_cmd_write_ops
 .text.spi_flash_read_common
                0x0401eabc       0x5c drivers/mtd/spi/built-in.o
                0x0401eabc                spi_flash_read_common
 .text.spi_flash_cmd_read_status
                0x0401eb18       0x2c drivers/mtd/spi/built-in.o
                0x0401eb18                spi_flash_cmd_read_status
 .text.spi_flash_cmd_write_config
                0x0401eb44       0x4c drivers/mtd/spi/built-in.o
                0x0401eb44                spi_flash_cmd_write_config
 .text.spi_flash_cmd_read_config
                0x0401eb90       0x2c drivers/mtd/spi/built-in.o
                0x0401eb90                spi_flash_cmd_read_config
 .text.spi_flash_cmd_read_ops
                0x0401ebbc      0x188 drivers/mtd/spi/built-in.o
                0x0401ebbc                spi_flash_cmd_read_ops
 .text.spi_flash_set_qeb
                0x0401ed44       0x6c drivers/mtd/spi/built-in.o
 .text.spi_flash_probe
                0x0401edb0      0x3ec drivers/mtd/spi/built-in.o
                0x0401edb0                spi_flash_probe
 .text.spi_flash_free
                0x0401f19c       0x1c drivers/mtd/spi/built-in.o
                0x0401f19c                spi_flash_free
 .text.zynq_gem_setup_mac
                0x0401f1b8       0x70 drivers/net/built-in.o
 .text.zynq_gem_halt
                0x0401f228       0x14 drivers/net/built-in.o
 .text.phy_setup_op
                0x0401f23c       0x90 drivers/net/built-in.o
 .text.zynq_gem_miiphy_write
                0x0401f2cc       0x2c drivers/net/built-in.o
 .text.zynq_gem_recv
                0x0401f2f8       0xd8 drivers/net/built-in.o
 .text.zynq_gem_send
                0x0401f3d0       0xa8 drivers/net/built-in.o
 .text.zynq_gem_miiphyread
                0x0401f478       0x24 drivers/net/built-in.o
 .text.zynq_gem_init
                0x0401f49c      0x288 drivers/net/built-in.o
 .text.zynq_gem_initialize
                0x0401f724      0x128 drivers/net/built-in.o
                0x0401f724                zynq_gem_initialize
 .text.m88e1xxx_parse_status
                0x0401f84c      0x10c drivers/net/phy/built-in.o
 .text.m88e1011s_startup
                0x0401f958       0x1c drivers/net/phy/built-in.o
 .text.m88e1118_startup
                0x0401f974       0x44 drivers/net/phy/built-in.o
 .text.m88e1145_startup
                0x0401f9b8       0x40 drivers/net/phy/built-in.o
 .text.m88e1011s_config
                0x0401f9f8       0xf8 drivers/net/phy/built-in.o
 .text.m88e1121_config
                0x0401faf0       0xcc drivers/net/phy/built-in.o
 .text.m88e1111s_config
                0x0401fbbc      0x324 drivers/net/phy/built-in.o
 .text.m88e1118_config
                0x0401fee0       0xc4 drivers/net/phy/built-in.o
 .text.m88e1145_config
                0x0401ffa4      0x10c drivers/net/phy/built-in.o
 .text.m88e1149_config
                0x040200b0       0xc4 drivers/net/phy/built-in.o
 .text.m88e1310_config
                0x04020174      0x168 drivers/net/phy/built-in.o
 .text.phy_marvell_init
                0x040202dc       0x78 drivers/net/phy/built-in.o
                0x040202dc                phy_marvell_init
 .text.genphy_shutdown
                0x04020354        0x8 drivers/net/phy/built-in.o
                0x04020354                genphy_shutdown
 .text.generic_ffs
                0x0402035c       0x50 drivers/net/phy/built-in.o
 .text.phy_device_create
                0x040203ac       0xe4 drivers/net/phy/built-in.o
 .text.get_phy_device_by_mask
                0x04020490      0x154 drivers/net/phy/built-in.o
 .text.genphy_restart_aneg
                0x040205e4       0x5c drivers/net/phy/built-in.o
                0x040205e4                genphy_restart_aneg
 .text.genphy_config_aneg
                0x04020640      0x1dc drivers/net/phy/built-in.o
                0x04020640                genphy_config_aneg
 .text.genphy_config
                0x0402081c       0xb4 drivers/net/phy/built-in.o
                0x0402081c                genphy_config
 .text.genphy_update_link
                0x040208d0      0x140 drivers/net/phy/built-in.o
                0x040208d0                genphy_update_link
 .text.genphy_parse_link
                0x04020a10      0x194 drivers/net/phy/built-in.o
                0x04020a10                genphy_parse_link
 .text.genphy_startup
                0x04020ba4       0x1c drivers/net/phy/built-in.o
                0x04020ba4                genphy_startup
 .text.phy_init
                0x04020bc0       0x10 drivers/net/phy/built-in.o
                0x04020bc0                phy_init
 .text.phy_register
                0x04020bd0       0x28 drivers/net/phy/built-in.o
                0x04020bd0                phy_register
 .text.phy_reset
                0x04020bf8       0xac drivers/net/phy/built-in.o
                0x04020bf8                phy_reset
 .text.phy_find_by_mask
                0x04020ca4       0x3c drivers/net/phy/built-in.o
                0x04020ca4                phy_find_by_mask
 .text.phy_connect_dev
                0x04020ce0       0x44 drivers/net/phy/built-in.o
                0x04020ce0                phy_connect_dev
 .text.phy_connect
                0x04020d24       0x50 drivers/net/phy/built-in.o
                0x04020d24                phy_connect
 .text.phy_startup
                0x04020d74       0x1c drivers/net/phy/built-in.o
                0x04020d74                phy_startup
 .text.__board_phy_config
                0x04020d90       0x1c drivers/net/phy/built-in.o
                0x04020d90                board_phy_config
 .text.phy_config
                0x04020dac       0x10 drivers/net/phy/built-in.o
                0x04020dac                phy_config
 .text.get_current
                0x04020dbc       0x40 drivers/serial/built-in.o
 .text.serial_null
                0x04020dfc        0x4 drivers/serial/built-in.o
                0x04020dfc                jz_serial_initialize
                0x04020dfc                bfin_serial_initialize
                0x04020dfc                p3mx_serial_initialize
                0x04020dfc                leon2_serial_initialize
                0x04020dfc                leon3_serial_initialize
                0x04020dfc                amirix_serial_initialize
                0x04020dfc                marvell_serial_initialize
                0x04020dfc                cpci750_serial_initialize
                0x04020dfc                ns16550_serial_initialize
                0x04020dfc                asc_serial_initialize
                0x04020dfc                altera_serial_initialize
                0x04020dfc                oc_serial_initialize
                0x04020dfc                sh_serial_initialize
                0x04020dfc                mxs_auart_initialize
                0x04020dfc                arm_dcc_initialize
                0x04020dfc                bmw_serial_initialize
                0x04020dfc                mcf_serial_initialize
                0x04020dfc                lh7a40x_serial_initialize
                0x04020dfc                evb64260_serial_initialize
                0x04020dfc                lpc32xx_serial_initialize
                0x04020dfc                max3100_serial_initialize
                0x04020dfc                mpc85xx_serial_initialize
                0x04020dfc                imx_serial_initialize
                0x04020dfc                ixp_serial_initialize
                0x04020dfc                bfin_jtag_initialize
                0x04020dfc                cogent_serial_initialize
                0x04020dfc                clps7111_serial_initialize
                0x04020dfc                ml2_serial_initialize
                0x04020dfc                sandbox_serial_initialize
                0x04020dfc                s3c24xx_serial_initialize
                0x04020dfc                sconsole_serial_initialize
                0x04020dfc                uartlite_serial_initialize
                0x04020dfc                au1x00_serial_initialize
                0x04020dfc                pxa_serial_initialize
                0x04020dfc                atmel_serial_initialize
                0x04020dfc                pl01x_serial_initialize
                0x04020dfc                altera_jtag_serial_initialize
                0x04020dfc                mpc512x_serial_initialize
                0x04020dfc                s5p_serial_initialize
                0x04020dfc                ks8695_serial_initialize
                0x04020dfc                sa1100_serial_initialize
                0x04020dfc                mpc8260_scc_serial_initialize
                0x04020dfc                mxc_serial_initialize
                0x04020dfc                iop480_serial_initialize
                0x04020dfc                mpc8xx_serial_initialize
                0x04020dfc                mpc8260_smc_serial_initialize
                0x04020dfc                mpc5xx_serial_initialize
 .text.serial_register
                0x04020e00       0x18 drivers/serial/built-in.o
                0x04020e00                serial_register
 .text.serial_stdio_init
                0x04020e18       0x88 drivers/serial/built-in.o
                0x04020e18                serial_stdio_init
 .text.serial_assign
                0x04020ea0       0x4c drivers/serial/built-in.o
                0x04020ea0                serial_assign
 .text.serial_initialize
                0x04020eec       0xd0 drivers/serial/built-in.o
                0x04020eec                serial_initialize
 .text.serial_init
                0x04020fbc       0x14 drivers/serial/built-in.o
                0x04020fbc                serial_init
 .text.serial_setbrg
                0x04020fd0       0x14 drivers/serial/built-in.o
                0x04020fd0                serial_setbrg
 .text.on_baudrate
                0x04020fe4       0xe4 drivers/serial/built-in.o
 .text.serial_getc
                0x040210c8       0x14 drivers/serial/built-in.o
                0x040210c8                serial_getc
 .text.serial_tstc
                0x040210dc       0x14 drivers/serial/built-in.o
                0x040210dc                serial_tstc
 .text.serial_putc
                0x040210f0       0x1c drivers/serial/built-in.o
                0x040210f0                serial_putc
 .text.serial_puts
                0x0402110c       0x1c drivers/serial/built-in.o
                0x0402110c                serial_puts
 .text.uart_zynq_serial_putc
                0x04021128       0x40 drivers/serial/built-in.o
 .text.uart_zynq0_putc
                0x04021168        0x8 drivers/serial/built-in.o
                0x04021168                uart_zynq0_putc
 .text.uart_zynq1_tstc
                0x04021170       0x18 drivers/serial/built-in.o
                0x04021170                uart_zynq1_tstc
 .text.uart_zynq1_putc
                0x04021188        0x8 drivers/serial/built-in.o
                0x04021188                uart_zynq1_putc
 .text.uart_zynq1_puts
                0x04021190       0x24 drivers/serial/built-in.o
                0x04021190                uart_zynq1_puts
 .text.uart_zynq_serial_setbrg
                0x040211b4       0xa8 drivers/serial/built-in.o
 .text.uart_zynq1_init
                0x0402125c       0x2c drivers/serial/built-in.o
                0x0402125c                uart_zynq1_init
 .text.uart_zynq0_setbrg
                0x04021288        0x8 drivers/serial/built-in.o
                0x04021288                uart_zynq0_setbrg
 .text.uart_zynq1_setbrg
                0x04021290        0x8 drivers/serial/built-in.o
                0x04021290                uart_zynq1_setbrg
 .text.uart_zynq1_getc
                0x04021298       0x20 drivers/serial/built-in.o
                0x04021298                uart_zynq1_getc
 .text.uart_zynq0_tstc
                0x040212b8       0x14 drivers/serial/built-in.o
                0x040212b8                uart_zynq0_tstc
 .text.uart_zynq0_init
                0x040212cc       0x28 drivers/serial/built-in.o
                0x040212cc                uart_zynq0_init
 .text.uart_zynq0_getc
                0x040212f4       0x1c drivers/serial/built-in.o
                0x040212f4                uart_zynq0_getc
 .text.uart_zynq0_puts
                0x04021310       0x24 drivers/serial/built-in.o
                0x04021310                uart_zynq0_puts
 .text.default_serial_console
                0x04021334        0xc drivers/serial/built-in.o
                0x04021334                default_serial_console
 .text.zynq_serial_initalize
                0x04021340       0x20 drivers/serial/built-in.o
                0x04021340                zynq_serial_initalize
 .text.spi_do_alloc_slave
                0x04021360       0x4c drivers/spi/built-in.o
                0x04021360                spi_do_alloc_slave
 .text.zynq_qspi_setup_transfer
                0x040213ac       0xa4 drivers/spi/built-in.o
 .text.zynq_qspi_fill_tx_fifo
                0x04021450      0x184 drivers/spi/built-in.o
 .text.spi_init
                0x040215d4        0x4 drivers/spi/built-in.o
                0x040215d4                spi_init
 .text.spi_setup_slave
                0x040215d8      0x1e0 drivers/spi/built-in.o
                0x040215d8                spi_setup_slave
 .text.spi_free_slave
                0x040217b8        0x4 drivers/spi/built-in.o
                0x040217b8                spi_free_slave
 .text.spi_claim_bus
                0x040217bc        0x8 drivers/spi/built-in.o
                0x040217bc                spi_claim_bus
 .text.spi_release_bus
                0x040217c4        0x4 drivers/spi/built-in.o
                0x040217c4                spi_release_bus
 .text.spi_xfer
                0x040217c8      0x390 drivers/spi/built-in.o
                0x040217c8                spi_xfer
 .text.handshake
                0x04021b58       0x50 drivers/usb/host/built-in.o
 .text.ehci_shutdown
                0x04021ba8       0xb8 drivers/usb/host/built-in.o
 .text.ehci_td_buffer
                0x04021c60       0x80 drivers/usb/host/built-in.o
 .text.ehci_submit_async
                0x04021ce0      0x5b0 drivers/usb/host/built-in.o
 .text.disable_periodic.isra.0
                0x04022290       0x48 drivers/usb/host/built-in.o
 .text.enable_periodic.isra.1
                0x040222d8       0x50 drivers/usb/host/built-in.o
 .text.__ehci_get_port_speed
                0x04022328        0x8 drivers/usb/host/built-in.o
                0x04022328                ehci_get_port_speed
                0x04022328                __ehci_get_port_speed
 .text.__ehci_set_usbmode
                0x04022330       0x20 drivers/usb/host/built-in.o
                0x04022330                __ehci_set_usbmode
                0x04022330                ehci_set_usbmode
 .text.__ehci_powerup_fixup
                0x04022350        0x8 drivers/usb/host/built-in.o
                0x04022350                ehci_powerup_fixup
                0x04022350                __ehci_powerup_fixup
 .text.ehci_get_portsc_register
                0x04022358       0x14 drivers/usb/host/built-in.o
                0x04022358                ehci_get_portsc_register
 .text.ehci_submit_root
                0x0402236c      0x4b4 drivers/usb/host/built-in.o
                0x0402236c                ehci_submit_root
 .text.usb_lowlevel_stop
                0x04022820       0x24 drivers/usb/host/built-in.o
                0x04022820                usb_lowlevel_stop
 .text.usb_lowlevel_init
                0x04022844      0x270 drivers/usb/host/built-in.o
                0x04022844                usb_lowlevel_init
 .text.submit_bulk_msg
                0x04022ab4       0x28 drivers/usb/host/built-in.o
                0x04022ab4                submit_bulk_msg
 .text.submit_control_msg
                0x04022adc       0x60 drivers/usb/host/built-in.o
                0x04022adc                submit_control_msg
 .text.create_int_queue
                0x04022b3c      0x32c drivers/usb/host/built-in.o
                0x04022b3c                create_int_queue
 .text.poll_int_queue
                0x04022e68       0x50 drivers/usb/host/built-in.o
                0x04022e68                poll_int_queue
 .text.destroy_int_queue
                0x04022eb8       0xd8 drivers/usb/host/built-in.o
                0x04022eb8                destroy_int_queue
 .text.submit_int_msg
                0x04022f90       0xe8 drivers/usb/host/built-in.o
                0x04022f90                submit_int_msg
 .text.ehci_hcd_init
                0x04023078      0x108 drivers/usb/host/built-in.o
                0x04023078                ehci_hcd_init
 .text.ehci_hcd_stop
                0x04023180       0x3c drivers/usb/host/built-in.o
                0x04023180                ehci_hcd_stop
 .text.ulpi_wakeup
                0x040231bc       0x68 drivers/usb/ulpi/built-in.o
 .text.ulpi_request.part.1
                0x04023224       0x54 drivers/usb/ulpi/built-in.o
 .text.ulpi_write
                0x04023278       0x44 drivers/usb/ulpi/built-in.o
                0x04023278                ulpi_write
 .text.ulpi_read
                0x040232bc       0x4c drivers/usb/ulpi/built-in.o
                0x040232bc                ulpi_read
 .text.ulpi_init
                0x04023308       0x90 drivers/usb/ulpi/built-in.o
                0x04023308                ulpi_init
 .text.ext2fs_crc16
                0x04023398       0x3c fs/built-in.o
                0x04023398                ext2fs_crc16
 .text.ext4fs_set_blk_dev
                0x040233d4       0x6c fs/built-in.o
                0x040233d4                ext4fs_set_blk_dev
 .text.ext4fs_devread
                0x04023440      0x25c fs/built-in.o
                0x04023440                ext4fs_devread
 .text.ext4_read_superblock
                0x0402369c       0x3c fs/built-in.o
                0x0402369c                ext4_read_superblock
 .text.ext4fs_div_roundup
                0x040236d8       0x20 fs/built-in.o
                0x040236d8                ext4fs_div_roundup
 .text.put_ext4
                0x040236f8      0x1ac fs/built-in.o
                0x040236f8                put_ext4
 .text.ext4fs_set_block_bmap
                0x040238a4       0xb0 fs/built-in.o
                0x040238a4                ext4fs_set_block_bmap
 .text.ext4fs_reset_block_bmap
                0x04023954       0x9c fs/built-in.o
                0x04023954                ext4fs_reset_block_bmap
 .text.ext4fs_set_inode_bmap
                0x040239f0       0x74 fs/built-in.o
                0x040239f0                ext4fs_set_inode_bmap
 .text.ext4fs_reset_inode_bmap
                0x04023a64       0x70 fs/built-in.o
                0x04023a64                ext4fs_reset_inode_bmap
 .text.ext4fs_checksum_update
                0x04023ad4       0x60 fs/built-in.o
                0x04023ad4                ext4fs_checksum_update
 .text.ext4fs_get_new_blk_no
                0x04023b34      0x3b0 fs/built-in.o